------------------------------------------------------------
TimeQuest Timing Analyzer Summary
------------------------------------------------------------

Type  : Slow 1200mV 85C Model Setup 'Clk'
Slack : -14.904
TNS   : -961.568

Type  : Slow 1200mV 85C Model Setup 'mClk'
Slack : -4.347
TNS   : -219.808

Type  : Slow 1200mV 85C Model Hold 'Clk'
Slack : 0.402
TNS   : 0.000

Type  : Slow 1200mV 85C Model Hold 'mClk'
Slack : 0.430
TNS   : 0.000

Type  : Slow 1200mV 85C Model Minimum Pulse Width 'Clk'
Slack : -3.000
TNS   : -168.888

Type  : Slow 1200mV 85C Model Minimum Pulse Width 'mClk'
Slack : -3.000
TNS   : -93.319

Type  : Slow 1200mV 0C Model Setup 'Clk'
Slack : -13.739
TNS   : -878.087

Type  : Slow 1200mV 0C Model Setup 'mClk'
Slack : -3.940
TNS   : -199.441

Type  : Slow 1200mV 0C Model Hold 'Clk'
Slack : 0.354
TNS   : 0.000

Type  : Slow 1200mV 0C Model Hold 'mClk'
Slack : 0.398
TNS   : 0.000

Type  : Slow 1200mV 0C Model Minimum Pulse Width 'Clk'
Slack : -3.000
TNS   : -168.844

Type  : Slow 1200mV 0C Model Minimum Pulse Width 'mClk'
Slack : -3.000
TNS   : -93.187

Type  : Fast 1200mV 0C Model Setup 'Clk'
Slack : -6.715
TNS   : -410.964

Type  : Fast 1200mV 0C Model Setup 'mClk'
Slack : -1.364
TNS   : -61.673

Type  : Fast 1200mV 0C Model Hold 'Clk'
Slack : 0.182
TNS   : 0.000

Type  : Fast 1200mV 0C Model Hold 'mClk'
Slack : 0.187
TNS   : 0.000

Type  : Fast 1200mV 0C Model Minimum Pulse Width 'Clk'
Slack : -3.000
TNS   : -139.262

Type  : Fast 1200mV 0C Model Minimum Pulse Width 'mClk'
Slack : -3.000
TNS   : -77.073

------------------------------------------------------------
