Component: ARM Compiler 5.06 update 6 (build 750) Tool: armlink [4d35ed]

==============================================================================

Section Cross References

    main.o(i.main) refers to rt_cmsis.o(i.osKernelInitialize) for osKernelInitialize
    main.o(i.main) refers to thread.o(i.Init_Thread) for Init_Thread
    main.o(i.main) refers to rt_cmsis.o(i.osKernelStart) for osKernelStart
    main.o(i.main) refers to rt_cmsis.o(i.osDelay) for osDelay
    thread.o(i.Init_Thread) refers to rt_cmsis.o(i.osThreadCreate) for osThreadCreate
    thread.o(i.Init_Thread) refers to thread.o(.constdata) for os_thread_def_threadA
    thread.o(i.Init_Thread) refers to thread.o(.data) for id_Thread_A
    thread.o(i.threadA) refers to dflti.o(.text) for __aeabi_i2d
    thread.o(i.threadA) refers to dadd.o(.text) for __aeabi_dadd
    thread.o(i.threadA) refers to rt_cmsis.o(i.osDelay) for osDelay
    thread.o(i.threadA) refers to thread.o(.data) for var_A
    thread.o(i.threadB) refers to dflti.o(.text) for __aeabi_i2d
    thread.o(i.threadB) refers to thread.o(i.myExponentialCalc) for myExponentialCalc
    thread.o(i.threadB) refers to ddiv.o(.text) for __aeabi_ddiv
    thread.o(i.threadB) refers to dadd.o(.text) for __aeabi_dadd
    thread.o(i.threadB) refers to rt_cmsis.o(i.osDelay) for osDelay
    thread.o(i.threadB) refers to thread.o(.data) for var_B
    thread.o(i.threadC) refers to dflti.o(.text) for __aeabi_i2d
    thread.o(i.threadC) refers to dadd.o(.text) for __aeabi_dadd
    thread.o(i.threadC) refers to thread.o(.data) for var_C
    thread.o(i.threadD) refers to dflti.o(.text) for __aeabi_i2d
    thread.o(i.threadD) refers to dmul.o(.text) for __aeabi_dmul
    thread.o(i.threadD) refers to cdcmple.o(.text) for __aeabi_cdcmpeq
    thread.o(i.threadD) refers to rt_cmsis.o(i.osDelay) for osDelay
    thread.o(i.threadD) refers to thread.o(i.myExponentialCalc) for myExponentialCalc
    thread.o(i.threadD) refers to ddiv.o(.text) for __aeabi_ddiv
    thread.o(i.threadD) refers to dadd.o(.text) for __aeabi_dadd
    thread.o(i.threadD) refers to thread.o(.data) for factor
    thread.o(i.threadE) refers to thread.o(i.myExponentialCalc) for myExponentialCalc
    thread.o(i.threadE) refers to dflti.o(.text) for __aeabi_i2d
    thread.o(i.threadE) refers to dmul.o(.text) for __aeabi_dmul
    thread.o(i.threadE) refers to dadd.o(.text) for __aeabi_dadd
    thread.o(i.threadE) refers to rt_cmsis.o(i.osDelay) for osDelay
    thread.o(i.threadE) refers to thread.o(.data) for var_E
    thread.o(.constdata) refers to thread.o(i.threadA) for threadA
    thread.o(.constdata) refers to thread.o(i.threadB) for threadB
    thread.o(.constdata) refers to thread.o(i.threadC) for threadC
    thread.o(.constdata) refers to thread.o(i.threadD) for threadD
    thread.o(.constdata) refers to thread.o(i.threadE) for threadE
    rtx_conf_cm.o(.ARM.Collect$$$$000000FF) refers to rt_cmsis.o(i.osKernelInitialize) for osKernelInitialize
    rtx_conf_cm.o(.ARM.Collect$$$$000000FF) refers to rt_cmsis.o(i.osThreadCreate) for osThreadCreate
    rtx_conf_cm.o(.ARM.Collect$$$$000000FF) refers to rt_cmsis.o(i.osKernelStart) for osKernelStart
    rtx_conf_cm.o(.ARM.Collect$$$$000000FF) refers to rtx_conf_cm.o(.constdata) for .constdata
    rtx_conf_cm.o(i.os_idle_demon) refers to rtx_conf_cm.o(.data) for countIDLE
    rtx_conf_cm.o(.constdata) refers to rt_cmsis.o(i.osTimerThread) for osTimerThread
    rtx_conf_cm.o(.constdata) refers to rtx_conf_cm.o(.bss) for os_messageQ_q_osTimerMessageQ
    rtx_conf_cm.o(.constdata) refers to main.o(i.main) for main
    retarget_io.o(i.ITM_ReceiveChar) refers to retarget_io.o(.data) for ITM_RxBuffer
    retarget_io.o(i.__aeabi_assert) refers to fputs.o(i.fputs) for fputs
    retarget_io.o(i.__aeabi_assert) refers to retarget_io.o(i.abort) for abort
    retarget_io.o(i.__aeabi_assert) refers to stderr.o(.data) for __stderr
    retarget_io.o(i.__backspace) refers to stdin.o(.data) for __stdin
    retarget_io.o(i.__backspace) refers to retarget_io.o(.data) for getchar_ch
    retarget_io.o(i.fgetc) refers to retarget_io.o(i.stdin_getchar) for stdin_getchar
    retarget_io.o(i.fgetc) refers to stdin.o(.data) for __stdin
    retarget_io.o(i.fgetc) refers to retarget_io.o(.data) for getchar_undo
    retarget_io.o(i.fputc) refers to retarget_io.o(i.stdout_putchar) for stdout_putchar
    retarget_io.o(i.fputc) refers to retarget_io.o(i.stderr_putchar) for stderr_putchar
    retarget_io.o(i.fputc) refers to stdout.o(.data) for __stdout
    retarget_io.o(i.fputc) refers to stderr.o(.data) for __stderr
    retarget_io.o(i.stderr_putchar) refers to retarget_io.o(i.ITM_SendChar) for ITM_SendChar
    retarget_io.o(i.stdin_getchar) refers to retarget_io.o(i.ITM_ReceiveChar) for ITM_ReceiveChar
    retarget_io.o(i.stdout_putchar) refers to retarget_io.o(i.ITM_SendChar) for ITM_SendChar
    startup_lpc17xx.o(RESET) refers to startup_lpc17xx.o(STACK) for __initial_sp
[...]
    rt_cmsis.o(i.svcSignalWait) refers to rt_cmsis.o(i.rt_ms2tick) for rt_ms2tick
    rt_cmsis.o(i.svcSignalWait) refers to rt_event.o(i.rt_evt_wait) for rt_evt_wait
    rt_cmsis.o(i.svcSignalWait) refers to rt_task.o(.data) for os_tsk
    rt_cmsis.o(i.svcThreadCreate) refers to rt_memory.o(i.rt_alloc_mem) for rt_alloc_mem
    rt_cmsis.o(i.svcThreadCreate) refers to rt_task.o(i.rt_tsk_create) for rt_tsk_create
    rt_cmsis.o(i.svcThreadCreate) refers to rt_memory.o(i.rt_free_mem) for rt_free_mem
    rt_cmsis.o(i.svcThreadCreate) refers to rtx_conf_cm.o(.bss) for os_stack_mem
    rt_cmsis.o(i.svcThreadCreate) refers to rt_cmsis.o(i.osThreadExit) for osThreadExit
    rt_cmsis.o(i.svcThreadGetId) refers to rt_task.o(i.rt_tsk_self) for rt_tsk_self
    rt_cmsis.o(i.svcThreadGetId) refers to rtx_conf_cm.o(.bss) for os_active_TCB
    rt_cmsis.o(i.svcThreadGetPriority) refers to rt_cmsis.o(i.rt_tid2ptcb) for rt_tid2ptcb
    rt_cmsis.o(i.svcThreadSetPriority) refers to rt_cmsis.o(i.rt_tid2ptcb) for rt_tid2ptcb
    rt_cmsis.o(i.svcThreadSetPriority) refers to rt_task.o(i.rt_tsk_prio) for rt_tsk_prio
    rt_cmsis.o(i.svcThreadTerminate) refers to rt_cmsis.o(i.rt_tid2ptcb) for rt_tid2ptcb
    rt_cmsis.o(i.svcThreadTerminate) refers to rt_task.o(i.rt_tsk_delete) for rt_tsk_delete
    rt_cmsis.o(i.svcThreadTerminate) refers to rt_memory.o(i.rt_free_mem) for rt_free_mem
    rt_cmsis.o(i.svcThreadTerminate) refers to rtx_conf_cm.o(.bss) for os_stack_mem
    rt_cmsis.o(i.svcThreadYield) refers to rt_task.o(i.rt_tsk_pass) for rt_tsk_pass
    rt_cmsis.o(i.svcTimerCall) refers to rt_cmsis.o(i.rt_id2obj) for rt_id2obj
    rt_cmsis.o(i.svcTimerCreate) refers to rtx_conf_cm.o(.data) for osThreadId_osTimerThread
    rt_cmsis.o(i.svcTimerDelete) refers to rt_cmsis.o(i.rt_id2obj) for rt_id2obj
    rt_cmsis.o(i.svcTimerDelete) refers to rt_cmsis.o(i.rt_timer_remove) for rt_timer_remove
    rt_cmsis.o(i.svcTimerStart) refers to rt_cmsis.o(i.rt_id2obj) for rt_id2obj
    rt_cmsis.o(i.svcTimerStart) refers to uldiv.o(.text) for __aeabi_uldivmod
    rt_cmsis.o(i.svcTimerStart) refers to rt_cmsis.o(i.rt_timer_remove) for rt_timer_remove
    rt_cmsis.o(i.svcTimerStart) refers to rt_cmsis.o(i.rt_timer_insert) for rt_timer_insert
    rt_cmsis.o(i.svcTimerStart) refers to rtx_conf_cm.o(.constdata) for os_clockrate
    rt_cmsis.o(i.svcTimerStop) refers to rt_cmsis.o(i.rt_id2obj) for rt_id2obj
    rt_cmsis.o(i.svcTimerStop) refers to rt_cmsis.o(i.rt_timer_remove) for rt_timer_remove
    rt_cmsis.o(i.sysMailAlloc) refers to rt_membox.o(i.rt_alloc_box) for rt_alloc_box
    rt_cmsis.o(i.sysMailAlloc) refers to rt_list.o(i.rt_put_prio) for rt_put_prio
    rt_cmsis.o(i.sysMailAlloc) refers to rt_cmsis.o(i.rt_ms2tick) for rt_ms2tick
    rt_cmsis.o(i.sysMailAlloc) refers to rt_task.o(i.rt_block) for rt_block
    rt_cmsis.o(i.sysMailAlloc) refers to rt_task.o(.data) for os_tsk
    rt_cmsis.o(i.sysMailFree) refers to rt_membox.o(i.rt_free_box) for rt_free_box
    rt_cmsis.o(i.sysMailFree) refers to rt_list.o(i.rt_psq_enq) for rt_psq_enq
    rt_cmsis.o(i.sysMailFree) refers to rt_system.o(i.rt_psh_req) for rt_psh_req
    rt_cmsis.o(i.sysMailFree) refers to rt_membox.o(i.rt_alloc_box) for rt_alloc_box
    rt_cmsis.o(i.sysMailFree) refers to rt_list.o(i.rt_get_first) for rt_get_first
    rt_cmsis.o(i.sysMailFree) refers to hal_cm.o(i.rt_ret_val) for rt_ret_val
    rt_cmsis.o(i.sysMailFree) refers to rt_list.o(i.rt_rmv_dly) for rt_rmv_dly
    rt_cmsis.o(i.sysMailFree) refers to rt_task.o(i.rt_dispatch) for rt_dispatch
    rt_cmsis.o(i.sysPoolAlloc) refers to rt_membox.o(i.rt_alloc_box) for rt_alloc_box
    rt_cmsis.o(i.sysPoolFree) refers to rt_membox.o(i.rt_free_box) for rt_free_box
    rt_cmsis.o(i.sysTimerTick) refers to rt_cmsis.o(i.isrMessagePut) for isrMessagePut
    rt_cmsis.o(i.sysTimerTick) refers to rtx_conf_cm.o(i.os_error) for os_error
    rt_cmsis.o(i.sysTimerTick) refers to rt_cmsis.o(i.rt_timer_insert) for rt_timer_insert
    rt_cmsis.o(i.sysTimerTick) refers to rt_cmsis.o(.data) for .data
    rt_cmsis.o(i.sysTimerTick) refers to rtx_conf_cm.o(.data) for osMessageQId_osTimerMessageQ
    rt_cmsis.o(i.sysUserTimerUpdate) refers to rt_cmsis.o(i.sysTimerTick) for sysTimerTick
    rt_cmsis.o(i.sysUserTimerUpdate) refers to rt_cmsis.o(.data) for .data
    rt_cmsis.o(i.sysUserTimerWakeupTime) refers to rt_cmsis.o(.data) for .data
    rt_task.o(i.rt_block) refers to rt_list.o(i.rt_put_dly) for rt_put_dly
    rt_task.o(i.rt_block) refers to rt_list.o(i.rt_get_first) for rt_get_first
    rt_task.o(i.rt_block) refers to rt_task.o(i.rt_switch_req) for rt_switch_req
    rt_task.o(i.rt_block) refers to rt_task.o(.data) for .data
    rt_task.o(i.rt_block) refers to rt_list.o(.bss) for os_rdy
    rt_task.o(i.rt_dispatch) refers to rt_list.o(i.rt_put_rdy_first) for rt_put_rdy_first
    rt_task.o(i.rt_dispatch) refers to rt_task.o(i.rt_switch_req) for rt_switch_req
    rt_task.o(i.rt_dispatch) refers to rt_list.o(i.rt_get_first) for rt_get_first
    rt_task.o(i.rt_dispatch) refers to rt_list.o(i.rt_put_prio) for rt_put_prio
    rt_task.o(i.rt_dispatch) refers to rt_task.o(.data) for .data
    rt_task.o(i.rt_dispatch) refers to rt_list.o(.bss) for os_rdy
    rt_task.o(i.rt_init_context) refers to rt_membox.o(i.rt_alloc_box) for rt_alloc_box
    rt_task.o(i.rt_init_context) refers to hal_cm.o(i.rt_init_stack) for rt_init_stack
    rt_task.o(i.rt_init_context) refers to rtx_conf_cm.o(.bss) for mp_stk
    rt_task.o(i.rt_switch_req) refers to hal_cm.o(i.dbg_task_switch) for dbg_task_switch
    rt_task.o(i.rt_switch_req) refers to rt_task.o(.data) for .data
    rt_task.o(i.rt_switch_req) refers to hal_cm.o(.data) for dbg_msg
    rt_task.o(i.rt_sys_init) refers to hal_cm.o(i.dbg_init) for dbg_init
    rt_task.o(i.rt_sys_init) refers to rt_membox.o(i._init_box) for _init_box
    rt_task.o(i.rt_sys_init) refers to rt_task.o(i.rt_init_context) for rt_init_context
    rt_task.o(i.rt_sys_init) refers to rt_robin.o(i.rt_init_robin) for rt_init_robin
    rt_task.o(i.rt_sys_init) refers to rtx_conf_cm.o(.bss) for os_active_TCB
    rt_task.o(i.rt_sys_init) refers to rtx_conf_cm.o(.constdata) for os_maxtaskrun
    rt_task.o(i.rt_sys_init) refers to rtx_conf_cm.o(.data) for m_tmr
    rt_task.o(i.rt_sys_init) refers to rt_task.o(.bss) for .bss
    rt_task.o(i.rt_sys_init) refers to rtx_conf_cm.o(i.os_idle_demon) for os_idle_demon
    rt_task.o(i.rt_sys_init) refers to rt_list.o(.bss) for os_rdy
    rt_task.o(i.rt_sys_init) refers to rt_task.o(.data) for .data
    rt_task.o(i.rt_sys_start) refers to rt_system.o(i.os_tick_init) for os_tick_init
    rt_task.o(i.rt_sys_start) refers to rt_system.o(.data) for os_tick_irqn
    rt_task.o(i.rt_tsk_create) refers to rt_membox.o(i.rt_alloc_box) for rt_alloc_box
    rt_task.o(i.rt_tsk_create) refers to rt_task.o(i.rt_init_context) for rt_init_context
    rt_task.o(i.rt_tsk_create) refers to hal_cm.o(i.dbg_task_notify) for dbg_task_notify
    rt_task.o(i.rt_tsk_create) refers to rt_task.o(i.rt_dispatch) for rt_dispatch
    rt_task.o(i.rt_tsk_create) refers to rtx_conf_cm.o(.bss) for mp_tcb
    rt_task.o(i.rt_tsk_create) refers to rtx_conf_cm.o(.constdata) for os_maxtaskrun
    rt_task.o(i.rt_tsk_create) refers to hal_cm.o(.data) for dbg_msg
    rt_task.o(i.rt_tsk_delete) refers to hal_cm3.o(.emb_text) for rt_get_PSP
    rt_task.o(i.rt_tsk_delete) refers to rt_system.o(i.rt_stk_check) for rt_stk_check
    rt_task.o(i.rt_tsk_delete) refers to rt_list.o(i.rt_get_first) for rt_get_first
    rt_task.o(i.rt_tsk_delete) refers to hal_cm.o(i.rt_ret_val) for rt_ret_val
    rt_task.o(i.rt_tsk_delete) refers to rt_list.o(i.rt_rmv_dly) for rt_rmv_dly
    rt_task.o(i.rt_tsk_delete) refers to rt_list.o(i.rt_put_prio) for rt_put_prio
    rt_task.o(i.rt_tsk_delete) refers to rt_membox.o(i.rt_free_box) for rt_free_box
    rt_task.o(i.rt_tsk_delete) refers to hal_cm.o(i.dbg_task_notify) for dbg_task_notify
    rt_task.o(i.rt_tsk_delete) refers to rt_list.o(i.rt_rmv_list) for rt_rmv_list
    rt_task.o(i.rt_tsk_delete) refers to rt_task.o(i.rt_dispatch) for rt_dispatch
    rt_task.o(i.rt_tsk_delete) refers to hal_cm.o(.data) for dbg_msg
    rt_task.o(i.rt_tsk_delete) refers to rtx_conf_cm.o(.bss) for os_active_TCB
    rt_task.o(i.rt_tsk_delete) refers to rt_task.o(.data) for .data
    rt_task.o(i.rt_tsk_delete) refers to rt_list.o(.bss) for os_rdy
    rt_task.o(i.rt_tsk_delete) refers to rtx_conf_cm.o(.constdata) for os_maxtaskrun
    rt_task.o(i.rt_tsk_pass) refers to rt_list.o(i.rt_get_same_rdy_prio) for rt_get_same_rdy_prio
    rt_task.o(i.rt_tsk_pass) refers to rt_list.o(i.rt_put_prio) for rt_put_prio
    rt_task.o(i.rt_tsk_pass) refers to rt_task.o(i.rt_switch_req) for rt_switch_req
    rt_task.o(i.rt_tsk_pass) refers to rt_task.o(.data) for .data
    rt_task.o(i.rt_tsk_pass) refers to rt_list.o(.bss) for os_rdy
    rt_task.o(i.rt_tsk_prio) refers to rt_list.o(i.rt_put_prio) for rt_put_prio
    rt_task.o(i.rt_tsk_prio) refers to rt_list.o(i.rt_resort_prio) for rt_resort_prio
    rt_task.o(i.rt_tsk_prio) refers to rt_list.o(i.rt_get_first) for rt_get_first
    rt_task.o(i.rt_tsk_prio) refers to rt_task.o(i.rt_dispatch) for rt_dispatch
    rt_task.o(i.rt_tsk_prio) refers to rt_task.o(.data) for .data
    rt_task.o(i.rt_tsk_prio) refers to rtx_conf_cm.o(.constdata) for os_maxtaskrun
    rt_task.o(i.rt_tsk_prio) refers to rtx_conf_cm.o(.bss) for os_active_TCB
    rt_task.o(i.rt_tsk_prio) refers to rt_list.o(.bss) for os_rdy
    rt_task.o(i.rt_tsk_self) refers to rt_task.o(.data) for .data
    rt_system.o(i.os_tick_init) refers to rtx_conf_cm.o(.constdata) for os_trv
    rt_system.o(i.os_tick_val) refers to rtx_conf_cm.o(.constdata) for os_trv
    rt_system.o(i.rt_pop_req) refers to rt_list.o(i.rt_put_rdy_first) for rt_put_rdy_first
    rt_system.o(i.rt_pop_req) refers to rt_semaphore.o(i.rt_sem_psh) for rt_sem_psh
    rt_system.o(i.rt_pop_req) refers to rt_list.o(i.rt_get_first) for rt_get_first
    rt_system.o(i.rt_pop_req) refers to rt_task.o(i.rt_switch_req) for rt_switch_req
    rt_system.o(i.rt_pop_req) refers to rt_event.o(i.rt_evt_psh) for rt_evt_psh
    rt_system.o(i.rt_pop_req) refers to rt_mailbox.o(i.rt_mbx_psh) for rt_mbx_psh
    rt_system.o(i.rt_pop_req) refers to rt_task.o(.data) for os_tsk
    rt_system.o(i.rt_pop_req) refers to rtx_conf_cm.o(.bss) for os_fifo
    rt_system.o(i.rt_pop_req) refers to rt_list.o(.bss) for os_rdy
    rt_system.o(i.rt_psh_req) refers to rt_system.o(.data) for .data
    rt_system.o(i.rt_resume) refers to rt_list.o(i.rt_put_rdy_first) for rt_put_rdy_first
    rt_system.o(i.rt_resume) refers to rt_list.o(i.rt_dec_dly) for rt_dec_dly
    rt_system.o(i.rt_resume) refers to rt_cmsis.o(i.sysUserTimerUpdate) for sysUserTimerUpdate
    rt_system.o(i.rt_resume) refers to rt_list.o(i.rt_get_first) for rt_get_first
    rt_system.o(i.rt_resume) refers to rt_task.o(i.rt_switch_req) for rt_switch_req
    rt_system.o(i.rt_resume) refers to rt_system.o(i.rt_tsk_unlock) for rt_tsk_unlock
    rt_system.o(i.rt_resume) refers to rt_task.o(.data) for os_tsk
    rt_system.o(i.rt_resume) refers to rt_robin.o(.data) for os_robin
    rt_system.o(i.rt_resume) refers to rt_list.o(.bss) for os_dly
    rt_system.o(i.rt_resume) refers to rt_time.o(.data) for os_time
    rt_system.o(i.rt_stk_check) refers to rtx_conf_cm.o(i.os_error) for os_error
    rt_system.o(i.rt_stk_check) refers to rt_task.o(.data) for os_tsk
    rt_system.o(i.rt_suspend) refers to rt_system.o(i.rt_tsk_lock) for rt_tsk_lock
    rt_system.o(i.rt_suspend) refers to rt_cmsis.o(i.sysUserTimerWakeupTime) for sysUserTimerWakeupTime
    rt_system.o(i.rt_suspend) refers to rt_list.o(.bss) for os_dly
    rt_system.o(i.rt_systick) refers to rt_list.o(i.rt_put_rdy_first) for rt_put_rdy_first
    rt_system.o(i.rt_systick) refers to rt_robin.o(i.rt_chk_robin) for rt_chk_robin
    rt_system.o(i.rt_systick) refers to rt_list.o(i.rt_dec_dly) for rt_dec_dly
    rt_system.o(i.rt_systick) refers to rt_cmsis.o(i.sysTimerTick) for sysTimerTick
    rt_system.o(i.rt_systick) refers to rt_list.o(i.rt_get_first) for rt_get_first
    rt_system.o(i.rt_systick) refers to rt_task.o(i.rt_switch_req) for rt_switch_req
    rt_system.o(i.rt_systick) refers to rt_task.o(.data) for os_tsk
    rt_system.o(i.rt_systick) refers to rt_time.o(.data) for os_time
    rt_system.o(i.rt_systick) refers to rt_list.o(.bss) for os_rdy
    rt_system.o(i.rt_tsk_lock) refers to rt_system.o(.data) for .data
    rt_system.o(i.rt_tsk_unlock) refers to rt_system.o(.data) for .data
    rt_event.o(i.isr_evt_set) refers to rt_list.o(i.rt_psq_enq) for rt_psq_enq
    rt_event.o(i.isr_evt_set) refers to rt_system.o(i.rt_psh_req) for rt_psh_req
    rt_event.o(i.isr_evt_set) refers to rtx_conf_cm.o(.bss) for os_active_TCB
    rt_event.o(i.rt_evt_clr) refers to rtx_conf_cm.o(.bss) for os_active_TCB
    rt_event.o(i.rt_evt_get) refers to rt_task.o(.data) for os_tsk
    rt_event.o(i.rt_evt_psh) refers to rt_list.o(i.rt_rmv_dly) for rt_rmv_dly
    rt_event.o(i.rt_evt_psh) refers to hal_cm.o(i.rt_ret_val2) for rt_ret_val2
    rt_event.o(i.rt_evt_psh) refers to rt_list.o(i.rt_put_prio) for rt_put_prio
    rt_event.o(i.rt_evt_psh) refers to rt_list.o(.bss) for os_rdy
    rt_event.o(i.rt_evt_set) refers to rt_list.o(i.rt_rmv_dly) for rt_rmv_dly
    rt_event.o(i.rt_evt_set) refers to hal_cm.o(i.rt_ret_val2) for rt_ret_val2
    rt_event.o(i.rt_evt_set) refers to rt_task.o(i.rt_dispatch) for rt_dispatch
    rt_event.o(i.rt_evt_set) refers to rtx_conf_cm.o(.bss) for os_active_TCB
    rt_event.o(i.rt_evt_wait) refers to rt_task.o(i.rt_block) for rt_block
    rt_event.o(i.rt_evt_wait) refers to rt_task.o(.data) for os_tsk
    rt_list.o(i.rt_dec_dly) refers to rt_list.o(i.rt_put_prio) for rt_put_prio
    rt_list.o(i.rt_dec_dly) refers to rt_list.o(.bss) for .bss
    rt_list.o(i.rt_dec_dly) refers to rt_time.o(.data) for os_time
    rt_list.o(i.rt_get_same_rdy_prio) refers to rt_list.o(.bss) for .bss
    rt_list.o(i.rt_get_same_rdy_prio) refers to rt_task.o(.data) for os_tsk
    rt_list.o(i.rt_psq_enq) refers to rtx_conf_cm.o(i.os_error) for os_error
    rt_list.o(i.rt_psq_enq) refers to rtx_conf_cm.o(.bss) for os_fifo
    rt_list.o(i.rt_put_dly) refers to rt_list.o(.bss) for .bss
    rt_list.o(i.rt_put_rdy_first) refers to rt_list.o(.bss) for .bss
    rt_list.o(i.rt_resort_prio) refers to rt_list.o(i.rt_rmv_list) for rt_rmv_list
    rt_list.o(i.rt_resort_prio) refers to rt_list.o(i.rt_put_prio) for rt_put_prio
    rt_list.o(i.rt_resort_prio) refers to rt_list.o(.bss) for .bss
    rt_list.o(i.rt_rmv_list) refers to rt_list.o(.bss) for .bss
    rt_mailbox.o(i.isr_mbx_receive) refers to rt_list.o(i.rt_psq_enq) for rt_psq_enq
    rt_mailbox.o(i.isr_mbx_receive) refers to rt_system.o(i.rt_psh_req) for rt_psh_req
    rt_mailbox.o(i.isr_mbx_send) refers to rt_list.o(i.rt_psq_enq) for rt_psq_enq
    rt_mailbox.o(i.isr_mbx_send) refers to rt_system.o(i.rt_psh_req) for rt_psh_req
    rt_mailbox.o(i.rt_mbx_psh) refers to rt_membox.o(i.rt_alloc_box) for rt_alloc_box
    rt_mailbox.o(i.rt_mbx_psh) refers to rt_list.o(i.rt_get_first) for rt_get_first
    rt_mailbox.o(i.rt_mbx_psh) refers to hal_cm.o(i.rt_ret_val) for rt_ret_val
    rt_mailbox.o(i.rt_mbx_psh) refers to rt_list.o(i.rt_rmv_dly) for rt_rmv_dly
    rt_mailbox.o(i.rt_mbx_psh) refers to rt_list.o(i.rt_put_prio) for rt_put_prio
    rt_mailbox.o(i.rt_mbx_psh) refers to hal_cm.o(i.rt_ret_val2) for rt_ret_val2
    rt_mailbox.o(i.rt_mbx_psh) refers to rtx_conf_cm.o(i.os_error) for os_error
    rt_mailbox.o(i.rt_mbx_psh) refers to rt_list.o(.bss) for os_rdy
    rt_mailbox.o(i.rt_mbx_send) refers to rt_list.o(i.rt_put_prio) for rt_put_prio
    rt_mailbox.o(i.rt_mbx_send) refers to rt_list.o(i.rt_get_first) for rt_get_first
    rt_mailbox.o(i.rt_mbx_send) refers to hal_cm.o(i.rt_ret_val2) for rt_ret_val2
    rt_mailbox.o(i.rt_mbx_send) refers to rt_list.o(i.rt_rmv_dly) for rt_rmv_dly
    rt_mailbox.o(i.rt_mbx_send) refers to rt_task.o(i.rt_dispatch) for rt_dispatch
    rt_mailbox.o(i.rt_mbx_send) refers to rt_task.o(i.rt_block) for rt_block
    rt_mailbox.o(i.rt_mbx_send) refers to rt_task.o(.data) for os_tsk
    rt_mailbox.o(i.rt_mbx_wait) refers to rt_list.o(i.rt_get_first) for rt_get_first
    rt_mailbox.o(i.rt_mbx_wait) refers to hal_cm.o(i.rt_ret_val) for rt_ret_val
    rt_mailbox.o(i.rt_mbx_wait) refers to rt_list.o(i.rt_rmv_dly) for rt_rmv_dly
    rt_mailbox.o(i.rt_mbx_wait) refers to rt_task.o(i.rt_dispatch) for rt_dispatch
    rt_mailbox.o(i.rt_mbx_wait) refers to rt_list.o(i.rt_put_prio) for rt_put_prio
    rt_mailbox.o(i.rt_mbx_wait) refers to rt_task.o(i.rt_block) for rt_block
    rt_mailbox.o(i.rt_mbx_wait) refers to rt_task.o(.data) for os_tsk
    rt_semaphore.o(i.isr_sem_send) refers to rt_list.o(i.rt_psq_enq) for rt_psq_enq
    rt_semaphore.o(i.isr_sem_send) refers to rt_system.o(i.rt_psh_req) for rt_psh_req
    rt_semaphore.o(i.rt_sem_delete) refers to rt_list.o(i.rt_get_first) for rt_get_first
    rt_semaphore.o(i.rt_sem_delete) refers to hal_cm.o(i.rt_ret_val) for rt_ret_val
    rt_semaphore.o(i.rt_sem_delete) refers to rt_list.o(i.rt_rmv_dly) for rt_rmv_dly
    rt_semaphore.o(i.rt_sem_delete) refers to rt_list.o(i.rt_put_prio) for rt_put_prio
    rt_semaphore.o(i.rt_sem_delete) refers to rt_task.o(i.rt_dispatch) for rt_dispatch
    rt_semaphore.o(i.rt_sem_delete) refers to rt_list.o(.bss) for os_rdy
    rt_semaphore.o(i.rt_sem_delete) refers to rt_task.o(.data) for os_tsk
    rt_semaphore.o(i.rt_sem_psh) refers to rt_list.o(i.rt_get_first) for rt_get_first
    rt_semaphore.o(i.rt_sem_psh) refers to rt_list.o(i.rt_rmv_dly) for rt_rmv_dly
    rt_semaphore.o(i.rt_sem_psh) refers to hal_cm.o(i.rt_ret_val) for rt_ret_val
    rt_semaphore.o(i.rt_sem_psh) refers to rt_list.o(i.rt_put_prio) for rt_put_prio
    rt_semaphore.o(i.rt_sem_psh) refers to rt_list.o(.bss) for os_rdy
    rt_semaphore.o(i.rt_sem_send) refers to rt_list.o(i.rt_get_first) for rt_get_first
    rt_semaphore.o(i.rt_sem_send) refers to hal_cm.o(i.rt_ret_val) for rt_ret_val
    rt_semaphore.o(i.rt_sem_send) refers to rt_list.o(i.rt_rmv_dly) for rt_rmv_dly
    rt_semaphore.o(i.rt_sem_send) refers to rt_task.o(i.rt_dispatch) for rt_dispatch
    rt_semaphore.o(i.rt_sem_wait) refers to rt_list.o(i.rt_put_prio) for rt_put_prio
    rt_semaphore.o(i.rt_sem_wait) refers to rt_task.o(i.rt_block) for rt_block
    rt_semaphore.o(i.rt_sem_wait) refers to rt_task.o(.data) for os_tsk
    rt_time.o(i.rt_dly_wait) refers to rt_task.o(i.rt_block) for rt_block
    rt_time.o(i.rt_itv_set) refers to rt_task.o(.data) for os_tsk
    rt_time.o(i.rt_itv_set) refers to rt_time.o(.data) for .data
    rt_time.o(i.rt_itv_wait) refers to rt_task.o(i.rt_block) for rt_block
    rt_time.o(i.rt_itv_wait) refers to rt_task.o(.data) for os_tsk
    rt_time.o(i.rt_itv_wait) refers to rt_time.o(.data) for .data
    rt_time.o(i.rt_time_get) refers to rt_time.o(.data) for .data
    rt_mutex.o(i.rt_mut_delete) refers to rt_list.o(i.rt_resort_prio) for rt_resort_prio
    rt_mutex.o(i.rt_mut_delete) refers to rt_list.o(i.rt_get_first) for rt_get_first
    rt_mutex.o(i.rt_mut_delete) refers to hal_cm.o(i.rt_ret_val) for rt_ret_val
    rt_mutex.o(i.rt_mut_delete) refers to rt_list.o(i.rt_rmv_dly) for rt_rmv_dly
    rt_mutex.o(i.rt_mut_delete) refers to rt_list.o(i.rt_put_prio) for rt_put_prio
    rt_mutex.o(i.rt_mut_delete) refers to rt_task.o(i.rt_dispatch) for rt_dispatch
    rt_mutex.o(i.rt_mut_delete) refers to rt_task.o(.data) for os_tsk
    rt_mutex.o(i.rt_mut_delete) refers to rt_list.o(.bss) for os_rdy
    rt_mutex.o(i.rt_mut_release) refers to rt_list.o(i.rt_get_first) for rt_get_first
    rt_mutex.o(i.rt_mut_release) refers to hal_cm.o(i.rt_ret_val) for rt_ret_val
    rt_mutex.o(i.rt_mut_release) refers to rt_list.o(i.rt_rmv_dly) for rt_rmv_dly
    rt_mutex.o(i.rt_mut_release) refers to rt_list.o(i.rt_put_prio) for rt_put_prio
    rt_mutex.o(i.rt_mut_release) refers to rt_task.o(i.rt_dispatch) for rt_dispatch
    rt_mutex.o(i.rt_mut_release) refers to rt_task.o(.data) for os_tsk
    rt_mutex.o(i.rt_mut_release) refers to rt_list.o(.bss) for os_rdy
    rt_mutex.o(i.rt_mut_wait) refers to rt_list.o(i.rt_resort_prio) for rt_resort_prio
    rt_mutex.o(i.rt_mut_wait) refers to rt_list.o(i.rt_put_prio) for rt_put_prio
    rt_mutex.o(i.rt_mut_wait) refers to rt_task.o(i.rt_block) for rt_block
    rt_mutex.o(i.rt_mut_wait) refers to rt_task.o(.data) for os_tsk
    rt_membox.o(i._calloc_box) refers to hal_cm3.o(.emb_text) for _alloc_box
    hal_cm.o(i.dbg_init) refers to hal_cm.o(.data) for .data
    hal_cm.o(i.rt_init_stack) refers to rtx_conf_cm.o(.constdata) for os_stackinfo
    rt_robin.o(i.rt_chk_robin) refers to rt_list.o(i.rt_get_first) for rt_get_first
    rt_robin.o(i.rt_chk_robin) refers to rt_list.o(i.rt_put_prio) for rt_put_prio
    rt_robin.o(i.rt_chk_robin) refers to rt_robin.o(.data) for .data
    rt_robin.o(i.rt_chk_robin) refers to rt_list.o(.bss) for os_rdy
    rt_robin.o(i.rt_chk_robin) refers to rt_time.o(.data) for os_time
    rt_robin.o(i.rt_init_robin) refers to rt_robin.o(.data) for .data
    rt_robin.o(i.rt_init_robin) refers to rtx_conf_cm.o(.constdata) for os_rrobin
    hal_cm3.o(.emb_text) refers to rtx_conf_cm.o(.constdata) for os_flags
    hal_cm3.o(.emb_text) refers to rt_membox.o(i.rt_alloc_box) for rt_alloc_box
    hal_cm3.o(.emb_text) refers to rt_membox.o(i.rt_free_box) for rt_free_box
    hal_cm3.o(.emb_text) refers to rt_system.o(i.rt_stk_check) for rt_stk_check
    hal_cm3.o(.emb_text) refers to rt_task.o(.data) for os_tsk
    hal_cm3.o(.emb_text) refers to svc_table.o(SVC_TABLE) for SVC_Count
    hal_cm3.o(.emb_text) refers to rt_system.o(i.rt_pop_req) for rt_pop_req
    hal_cm3.o(.emb_text) refers to rt_system.o(i.rt_systick) for rt_systick
    hal_cm3.o(.emb_text) refers to rt_system.o(i.os_tick_irqack) for os_tick_irqack
    entry.o(.ARM.Collect$$$$00000000) refers (Special) to entry10a.o(.ARM.Collect$$$$0000000D) for __rt_final_cpp
    entry.o(.ARM.Collect$$$$00000000) refers (Special) to entry11a.o(.ARM.Collect$$$$0000000F) for __rt_final_exit
    entry.o(.ARM.Collect$$$$00000000) refers (Special) to entry7b.o(.ARM.Collect$$$$00000008) for _main_clock
    entry.o(.ARM.Collect$$$$00000000) refers (Special) to entry8b.o(.ARM.Collect$$$$0000000A) for _main_cpp_init
    entry.o(.ARM.Collect$$$$00000000) refers (Special) to rtx_conf_cm.o(.ARM.Collect$$$$000000FF) for _main_init
    entry.o(.ARM.Collect$$$$00000000) refers (Special) to entry5.o(.ARM.Collect$$$$00000004) for _main_scatterload
    entry.o(.ARM.Collect$$$$00000000) refers (Special) to entry2.o(.ARM.Collect$$$$00000001) for _main_stk
    fputs.o(i.fputs) refers to retarget_io.o(i.fputc) for fputc
    fputs_e.o(.text) refers to retarget_io.o(i.fputc) for fputc
    uldiv.o(.text) refers to llushr.o(.text) for __aeabi_llsr
    uldiv.o(.text) refers to llshl.o(.text) for __aeabi_llsl
    dadd.o(.text) refers (Special) to iusefp.o(.text) for __I$use$fp
    dadd.o(.text) refers to llshl.o(.text) for __aeabi_llsl
    dadd.o(.text) refers to llsshr.o(.text) for __aeabi_lasr
    dadd.o(.text) refers to depilogue.o(.text) for _double_epilogue
    dmul.o(.text) refers (Special) to iusefp.o(.text) for __I$use$fp
    dmul.o(.text) refers to depilogue.o(.text) for _double_epilogue
    ddiv.o(.text) refers (Special) to iusefp.o(.text) for __I$use$fp
    ddiv.o(.text) refers to depilogue.o(.text) for _double_round
    dflti.o(.text) refers (Special) to iusefp.o(.text) for __I$use$fp
    dflti.o(.text) refers to depilogue.o(.text) for _double_epilogue
    cdcmple.o(.text) refers (Special) to iusefp.o(.text) for __I$use$fp
    entry2.o(.ARM.Collect$$$$00000001) refers to entry2.o(.ARM.Collect$$$$00002712) for __lit__00000000
    entry2.o(.ARM.Collect$$$$00002712) refers to startup_lpc17xx.o(STACK) for __initial_sp
    entry2.o(__vectab_stack_and_reset_area) refers to startup_lpc17xx.o(STACK) for __initial_sp
    entry2.o(__vectab_stack_and_reset_area) refers to entry.o(.ARM.Collect$$$$00000000) for __main
    entry5.o(.ARM.Collect$$$$00000004) refers to init.o(.text) for __scatterload
    depilogue.o(.text) refers to llshl.o(.text) for __aeabi_llsl
    depilogue.o(.text) refers to llushr.o(.text) for __aeabi_llsr
    init.o(.text) refers to entry5.o(.ARM.Collect$$$$00000004) for __main_after_scatterload


==============================================================================

Removing Unused input sections from the image.

    Removing thread.o(.rev16_text), (4 bytes).
    Removing thread.o(.revsh_text), (4 bytes).
    Removing thread.o(.rrx_text), (6 bytes).
    Removing thread.o(i.delay), (28 bytes).
    Removing retarget_io.o(i.ITM_ReceiveChar), (36 bytes).
    Removing retarget_io.o(i.ITM_SendChar), (48 bytes).
    Removing retarget_io.o(i.__aeabi_assert), (156 bytes).
    Removing retarget_io.o(i.__backspace), (52 bytes).
    Removing retarget_io.o(i.abort), (4 bytes).
    Removing retarget_io.o(i.fgetc), (72 bytes).
    Removing retarget_io.o(i.fputc), (48 bytes).
    Removing retarget_io.o(i.stderr_putchar), (12 bytes).
    Removing retarget_io.o(i.stdin_getchar), (16 bytes).
    Removing retarget_io.o(i.stdout_putchar), (12 bytes).
    Removing retarget_io.o(.data), (12 bytes).
    Removing startup_lpc17xx.o(HEAP), (0 bytes).
    Removing system_lpc17xx.o(.rev16_text), (4 bytes).
    Removing system_lpc17xx.o(.revsh_text), (4 bytes).
    Removing system_lpc17xx.o(.rrx_text), (6 bytes).
    Removing system_lpc17xx.o(i.SystemCoreClockUpdate), (424 bytes).
    Removing system_lpc17xx.o(.data), (4 bytes).
    Removing rt_cmsis.o(.rev16_text), (4 bytes).
    Removing rt_cmsis.o(.revsh_text), (4 bytes).
    Removing rt_cmsis.o(.rrx_text), (6 bytes).
    Removing rt_cmsis.o(i.isrSemaphoreRelease), (40 bytes).
    Removing rt_cmsis.o(i.isrSignalSet), (36 bytes).
    Removing rt_cmsis.o(i.osKernelRunning), (36 bytes).
    Removing rt_cmsis.o(i.osKernelSysTick), (24 bytes).
    Removing rt_cmsis.o(i.osMailAlloc), (28 bytes).
    Removing rt_cmsis.o(i.osMailCAlloc), (48 bytes).
    Removing rt_cmsis.o(i.osMailCreate), (44 bytes).
    Removing rt_cmsis.o(i.osMailFree), (28 bytes).
    Removing rt_cmsis.o(i.osMailGet), (22 bytes).
    Removing rt_cmsis.o(i.osMailPut), (20 bytes).
    Removing rt_cmsis.o(i.osMessageCreate), (44 bytes).
    Removing rt_cmsis.o(i.osMessagePut), (24 bytes).
    Removing rt_cmsis.o(i.osMutexCreate), (44 bytes).
    Removing rt_cmsis.o(i.osMutexDelete), (24 bytes).
    Removing rt_cmsis.o(i.osMutexRelease), (24 bytes).
    Removing rt_cmsis.o(i.osMutexWait), (24 bytes).
    Removing rt_cmsis.o(i.osPoolAlloc), (32 bytes).
    Removing rt_cmsis.o(i.osPoolCAlloc), (52 bytes).
    Removing rt_cmsis.o(i.osPoolCreate), (44 bytes).
    Removing rt_cmsis.o(i.osPoolFree), (32 bytes).
    Removing rt_cmsis.o(i.osSemaphoreCreate), (44 bytes).
    Removing rt_cmsis.o(i.osSemaphoreDelete), (24 bytes).
    Removing rt_cmsis.o(i.osSemaphoreRelease), (24 bytes).
    Removing rt_cmsis.o(i.osSemaphoreWait), (24 bytes).
    Removing rt_cmsis.o(i.osSignalClear), (24 bytes).
    Removing rt_cmsis.o(i.osSignalSet), (24 bytes).
    Removing rt_cmsis.o(i.osSignalWait), (24 bytes).
    Removing rt_cmsis.o(i.osThreadGetId), (24 bytes).
    Removing rt_cmsis.o(i.osThreadGetPriority), (24 bytes).
    Removing rt_cmsis.o(i.osThreadSetPriority), (24 bytes).
    Removing rt_cmsis.o(i.osThreadTerminate), (24 bytes).
    Removing rt_cmsis.o(i.osThreadYield), (24 bytes).
    Removing rt_cmsis.o(i.osTimerCreate), (44 bytes).
    Removing rt_cmsis.o(i.osTimerDelete), (24 bytes).
    Removing rt_cmsis.o(i.osTimerStart), (24 bytes).
    Removing rt_cmsis.o(i.osTimerStop), (24 bytes).
    Removing rt_cmsis.o(i.osWait), (4 bytes).
    Removing rt_cmsis.o(i.os_resume), (12 bytes).
    Removing rt_cmsis.o(i.os_suspend), (12 bytes).
    Removing rt_cmsis.o(i.rt_clr_box), (24 bytes).
    Removing rt_cmsis.o(i.rt_timer_remove), (60 bytes).
    Removing rt_cmsis.o(i.svcKernelRunning), (12 bytes).
    Removing rt_cmsis.o(i.svcKernelSysTick), (56 bytes).
    Removing rt_cmsis.o(i.svcMailCreate), (66 bytes).
    Removing rt_cmsis.o(i.svcMessagePut), (54 bytes).
    Removing rt_cmsis.o(i.svcMutexCreate), (28 bytes).
    Removing rt_cmsis.o(i.svcMutexDelete), (26 bytes).
    Removing rt_cmsis.o(i.svcMutexRelease), (34 bytes).
    Removing rt_cmsis.o(i.svcMutexWait), (58 bytes).
    Removing rt_cmsis.o(i.svcPoolCreate), (40 bytes).
    Removing rt_cmsis.o(i.svcSemaphoreCreate), (36 bytes).
    Removing rt_cmsis.o(i.svcSemaphoreDelete), (26 bytes).
    Removing rt_cmsis.o(i.svcSemaphoreRelease), (40 bytes).
    Removing rt_cmsis.o(i.svcSemaphoreWait), (50 bytes).
    Removing rt_cmsis.o(i.svcSignalClear), (36 bytes).
    Removing rt_cmsis.o(i.svcSignalSet), (36 bytes).
    Removing rt_cmsis.o(i.svcSignalWait), (84 bytes).
    Removing rt_cmsis.o(i.svcThreadGetPriority), (18 bytes).
    Removing rt_cmsis.o(i.svcThreadSetPriority), (46 bytes).
    Removing rt_cmsis.o(i.svcThreadYield), (10 bytes).
    Removing rt_cmsis.o(i.svcTimerCreate), (56 bytes).
    Removing rt_cmsis.o(i.svcTimerDelete), (40 bytes).
    Removing rt_cmsis.o(i.svcTimerStart), (100 bytes).
    Removing rt_cmsis.o(i.svcTimerStop), (36 bytes).
    Removing rt_cmsis.o(i.sysMailAlloc), (88 bytes).
    Removing rt_cmsis.o(i.sysMailFree), (96 bytes).
    Removing rt_cmsis.o(i.sysPoolAlloc), (10 bytes).
    Removing rt_cmsis.o(i.sysPoolFree), (20 bytes).
    Removing rt_cmsis.o(i.sysUserTimerUpdate), (48 bytes).
    Removing rt_cmsis.o(i.sysUserTimerWakeupTime), (20 bytes).
    Removing rt_task.o(i.rt_tsk_pass), (48 bytes).
    Removing rt_system.o(.emb_text), (0 bytes).
    Removing rt_system.o(i.os_tick_ovf), (16 bytes).
    Removing rt_system.o(i.os_tick_val), (20 bytes).
    Removing rt_system.o(i.rt_resume), (136 bytes).
    Removing rt_system.o(i.rt_suspend), (36 bytes).
    Removing rt_system.o(i.rt_tsk_lock), (80 bytes).
    Removing rt_system.o(i.rt_tsk_unlock), (80 bytes).
    Removing rt_event.o(i.isr_evt_set), (40 bytes).
    Removing rt_event.o(i.rt_evt_clr), (28 bytes).
    Removing rt_event.o(i.rt_evt_get), (12 bytes).
    Removing rt_event.o(i.rt_evt_set), (92 bytes).
    Removing rt_event.o(i.rt_evt_wait), (60 bytes).
    Removing rt_list.o(i.rt_get_same_rdy_prio), (36 bytes).
    Removing rt_mailbox.o(i.rt_mbx_send), (152 bytes).
    Removing rt_semaphore.o(i.isr_sem_send), (16 bytes).
    Removing rt_semaphore.o(i.rt_sem_delete), (92 bytes).
    Removing rt_semaphore.o(i.rt_sem_init), (12 bytes).
    Removing rt_semaphore.o(i.rt_sem_send), (42 bytes).
    Removing rt_semaphore.o(i.rt_sem_wait), (64 bytes).
    Removing rt_time.o(i.rt_itv_set), (24 bytes).
    Removing rt_time.o(i.rt_itv_wait), (40 bytes).
    Removing rt_time.o(i.rt_time_get), (12 bytes).
    Removing rt_mutex.o(i.rt_mut_delete), (176 bytes).
    Removing rt_mutex.o(i.rt_mut_init), (16 bytes).
    Removing rt_mutex.o(i.rt_mut_release), (216 bytes).
    Removing rt_mutex.o(i.rt_mut_wait), (120 bytes).
    Removing rt_membox.o(i._calloc_box), (30 bytes).

122 unused section(s) (total 5138 bytes) removed from the image.

==============================================================================

Image Symbol Table

    Local Symbols

    Symbol Name                              Value     Ov Type        Size  Object(Section)

    RESET                                    0x00000000   Section      204  startup_lpc17xx.o(RESET)
    ../clib/microlib/division.c              0x00000000   Number         0  uldiv.o ABSOLUTE
    ../clib/microlib/init/entry.s            0x00000000   Number         0  entry11a.o ABSOLUTE
    ../clib/microlib/init/entry.s            0x00000000   Number         0  entry11b.o ABSOLUTE
    ../clib/microlib/init/entry.s            0x00000000   Number         0  entry7a.o ABSOLUTE
    ../clib/microlib/init/entry.s            0x00000000   Number         0  entry10b.o ABSOLUTE
    ../clib/microlib/init/entry.s            0x00000000   Number         0  entry10a.o ABSOLUTE
    ../clib/microlib/init/entry.s            0x00000000   Number         0  entry8b.o ABSOLUTE
    ../clib/microlib/init/entry.s            0x00000000   Number         0  entry.o ABSOLUTE
    ../clib/microlib/init/entry.s            0x00000000   Number         0  entry7b.o ABSOLUTE
    ../clib/microlib/init/entry.s            0x00000000   Number         0  entry8a.o ABSOLUTE
    ../clib/microlib/init/entry.s            0x00000000   Number         0  entry5.o ABSOLUTE
    ../clib/microlib/init/entry.s            0x00000000   Number         0  entry2.o ABSOLUTE
    ../clib/microlib/longlong.c              0x00000000   Number         0  llsshr.o ABSOLUTE
    ../clib/microlib/longlong.c              0x00000000   Number         0  llushr.o ABSOLUTE
    ../clib/microlib/longlong.c              0x00000000   Number         0  llshl.o ABSOLUTE
    ../clib/microlib/stdio/fputs.c           0x00000000   Number         0  fputs_e.o ABSOLUTE
    ../clib/microlib/stdio/fputs.c           0x00000000   Number         0  fputs.o ABSOLUTE
    ../clib/microlib/stdio/streams.c         0x00000000   Number         0  stdout.o ABSOLUTE
    ../clib/microlib/stdio/streams.c         0x00000000   Number         0  stdin.o ABSOLUTE
    ../clib/microlib/stdio/streams.c         0x00000000   Number         0  stderr.o ABSOLUTE
    ../clib/microlib/stubs.s                 0x00000000   Number         0  iusefp.o ABSOLUTE
    ../fplib/microlib/fpadd.c                0x00000000   Number         0  dadd.o ABSOLUTE
    ../fplib/microlib/fpdiv.c                0x00000000   Number         0  ddiv.o ABSOLUTE
    ../fplib/microlib/fpepilogue.c           0x00000000   Number         0  depilogue.o ABSOLUTE
    ../fplib/microlib/fpflt.c                0x00000000   Number         0  dflti.o ABSOLUTE
    ../fplib/microlib/fpmul.c                0x00000000   Number         0  dmul.o ABSOLUTE
    ..\HAL_CM.c                              0x00000000   Number         0  hal_cm.o ABSOLUTE
    ..\\rt_CMSIS.c                           0x00000000   Number         0  rt_cmsis.o ABSOLUTE
    ..\\rt_System.c                          0x00000000   Number         0  rt_system.o ABSOLUTE
    ..\rt_CMSIS.c                            0x00000000   Number         0  rt_cmsis.o ABSOLUTE
    ..\rt_Event.c                            0x00000000   Number         0  rt_event.o ABSOLUTE
    ..\rt_List.c                             0x00000000   Number         0  rt_list.o ABSOLUTE
    ..\rt_Mailbox.c                          0x00000000   Number         0  rt_mailbox.o ABSOLUTE
    ..\rt_MemBox.c                           0x00000000   Number         0  rt_membox.o ABSOLUTE
    ..\rt_Memory.c                           0x00000000   Number         0  rt_memory.o ABSOLUTE
    ..\rt_Mutex.c                            0x00000000   Number         0  rt_mutex.o ABSOLUTE
    ..\rt_Robin.c                            0x00000000   Number         0  rt_robin.o ABSOLUTE
    ..\rt_Semaphore.c                        0x00000000   Number         0  rt_semaphore.o ABSOLUTE
    ..\rt_System.c                           0x00000000   Number         0  rt_system.o ABSOLUTE
    ..\rt_Task.c                             0x00000000   Number         0  rt_task.o ABSOLUTE
    ..\rt_Time.c                             0x00000000   Number         0  rt_time.o ABSOLUTE
    C:\Users\Owner\AppData\Local\Arm\Packs\Keil\ARM_Compiler\1.6.3\Source\retarget_io.c 0x00000000   Number         0  retarget_io.o ABSOLUTE
    HAL_CM3.c                                0x00000000   Number         0  hal_cm3.o ABSOLUTE
    HAL_CM3.c                                0x00000000   Number         0  hal_cm3.o ABSOLUTE
    RTE\CMSIS\RTX_Conf_CM.c                  0x00000000   Number         0  rtx_conf_cm.o ABSOLUTE
    RTE\Device\LPC1768\startup_LPC17xx.s     0x00000000   Number         0  startup_lpc17xx.o ABSOLUTE
    RTE\Device\LPC1768\system_LPC17xx.c      0x00000000   Number         0  system_lpc17xx.o ABSOLUTE
    RTE\\Device\\LPC1768\\system_LPC17xx.c   0x00000000   Number         0  system_lpc17xx.o ABSOLUTE
    SVC_Table.s                              0x00000000   Number         0  svc_table.o ABSOLUTE
    Thread.c                                 0x00000000   Number         0  thread.o ABSOLUTE
    Thread.c                                 0x00000000   Number         0  thread.o ABSOLUTE
    cdcmple.s                                0x00000000   Number         0  cdcmple.o ABSOLUTE
    dc.s                                     0x00000000   Number         0  dc.o ABSOLUTE
    handlers.s                               0x00000000   Number         0  handlers.o ABSOLUTE
    init.s                                   0x00000000   Number         0  init.o ABSOLUTE
    main.c                                   0x00000000   Number         0  main.o ABSOLUTE
    .ARM.Collect$$$$00000000                 0x000000cc   Section        0  entry.o(.ARM.Collect$$$$00000000)
    .ARM.Collect$$$$00000001                 0x000000cc   Section        4  entry2.o(.ARM.Collect$$$$00000001)
    .ARM.Collect$$$$00000004                 0x000000d0   Section        4  entry5.o(.ARM.Collect$$$$00000004)
    .ARM.Collect$$$$00000008                 0x000000d4   Section        0  entry7b.o(.ARM.Collect$$$$00000008)
    .ARM.Collect$$$$0000000A                 0x000000d4   Section        0  entry8b.o(.ARM.Collect$$$$0000000A)
    .ARM.Collect$$$$0000000D                 0x000000d4   Section        0  entry10a.o(.ARM.Collect$$$$0000000D)
    .ARM.Collect$$$$0000000F                 0x000000d4   Section        0  entry11a.o(.ARM.Collect$$$$0000000F)
    .ARM.Collect$$$$000000FF                 0x000000d4   Section        0  rtx_conf_cm.o(.ARM.Collect$$$$000000FF)
    .ARM.Collect$$$$00002712                 0x000000ec   Section        4  entry2.o(.ARM.Collect$$$$00002712)
    __lit__00000000                          0x000000ec   Data           4  entry2.o(.ARM.Collect$$$$00002712)
    .emb_text                                0x000000f0   Section      304  hal_cm3.o(.emb_text)
    .text                                    0x00000220   Section       36  startup_lpc17xx.o(.text)
    .text                                    0x00000244   Section        0  dflti.o(.text)
    .text                                    0x00000268   Section       48  cdcmple.o(.text)
    .text                                    0x00000298   Section        0  llshl.o(.text)
    .text                                    0x000002b6   Section        0  llushr.o(.text)
    .text                                    0x000002d6   Section        0  llsshr.o(.text)
    .text                                    0x000002fa   Section        0  iusefp.o(.text)
    i.__scatterload_null                     0x000002fa   Section        2  handlers.o(i.__scatterload_null)
    .ARM.__at_0x02FC                         0x000002fc   Section        4  startup_lpc17xx.o(.ARM.__at_0x02FC)
    .text                                    0x00000300   Section        0  dadd.o(.text)
    .text                                    0x0000044e   Section        0  dmul.o(.text)
    .text                                    0x00000532   Section        0  ddiv.o(.text)
    .text                                    0x00000610   Section        0  depilogue.o(.text)
    .text                                    0x000006cc   Section       36  init.o(.text)
    SVC_TABLE                                0x000006f0   Section        4  svc_table.o(SVC_TABLE)
    i.Init_Thread                            0x000006f4   Section        0  thread.o(i.Init_Thread)
    i.SystemInit                             0x0000076c   Section        0  system_lpc17xx.o(i.SystemInit)
    i.__scatterload_copy                     0x000008ac   Section       14  handlers.o(i.__scatterload_copy)
    i.__scatterload_zeroinit                 0x000008ba   Section       14  handlers.o(i.__scatterload_zeroinit)
    i._init_box                              0x000008c8   Section        0  rt_membox.o(i._init_box)
    i.dbg_init                               0x00000910   Section        0  hal_cm.o(i.dbg_init)
    i.dbg_task_notify                        0x00000940   Section        0  hal_cm.o(i.dbg_task_notify)
    i.dbg_task_switch                        0x00000960   Section        0  hal_cm.o(i.dbg_task_switch)
    i.isrMessageGet                          0x00000970   Section        0  rt_cmsis.o(i.isrMessageGet)
    i.isrMessagePut                          0x0000099a   Section        0  rt_cmsis.o(i.isrMessagePut)
    i.isr_mbx_receive                        0x000009c8   Section        0  rt_mailbox.o(i.isr_mbx_receive)
    i.isr_mbx_send                           0x00000a1e   Section        0  rt_mailbox.o(i.isr_mbx_send)
    i.main                                   0x00000a2c   Section        0  main.o(i.main)
    i.myExponentialCalc                      0x00000a46   Section        0  thread.o(i.myExponentialCalc)
    i.osDelay                                0x00000a5c   Section        0  rt_cmsis.o(i.osDelay)
    i.osKernelInitialize                     0x00000a74   Section        0  rt_cmsis.o(i.osKernelInitialize)
    i.osKernelStart                          0x00000a98   Section        0  rt_cmsis.o(i.osKernelStart)
    i.osMessageGet                           0x00000b04   Section        0  rt_cmsis.o(i.osMessageGet)
    i.osThreadCreate                         0x00000b1c   Section        0  rt_cmsis.o(i.osThreadCreate)
    i.osThreadExit                           0x00000b48   Section        0  rt_cmsis.o(i.osThreadExit)
    i.osTimerCall                            0x00000b60   Section        0  rt_cmsis.o(i.osTimerCall)
    i.osTimerThread                          0x00000b6c   Section        0  rt_cmsis.o(i.osTimerThread)
    i.os_error                               0x00000b98   Section        0  rtx_conf_cm.o(i.os_error)
    i.os_idle_demon                          0x00000bbc   Section        0  rtx_conf_cm.o(i.os_idle_demon)
    i.os_tick_init                           0x00000bd0   Section        0  rt_system.o(i.os_tick_init)
    i.os_tick_irqack                         0x00000bf8   Section        0  rt_system.o(i.os_tick_irqack)
    i.rt_alloc_box                           0x00000bfa   Section        0  rt_membox.o(i.rt_alloc_box)
    i.rt_alloc_mem                           0x00000c14   Section        0  rt_memory.o(i.rt_alloc_mem)
    i.rt_block                               0x00000c54   Section        0  rt_task.o(i.rt_block)
    i.rt_chk_robin                           0x00000c8c   Section        0  rt_robin.o(i.rt_chk_robin)
    i.rt_dec_dly                             0x00000cd4   Section        0  rt_list.o(i.rt_dec_dly)
    i.rt_dispatch                            0x00000d44   Section        0  rt_task.o(i.rt_dispatch)
    i.rt_dly_wait                            0x00000d88   Section        0  rt_time.o(i.rt_dly_wait)
    i.rt_evt_psh                             0x00000d90   Section        0  rt_event.o(i.rt_evt_psh)
    i.rt_free_box                            0x00000de0   Section        0  rt_membox.o(i.rt_free_box)
    i.rt_free_mem                            0x00000e0c   Section        0  rt_memory.o(i.rt_free_mem)
    i.rt_get_first                           0x00000e34   Section        0  rt_list.o(i.rt_get_first)
    i.rt_id2obj                              0x00000e5c   Section        0  rt_cmsis.o(i.rt_id2obj)
    rt_id2obj                                0x00000e5d   Thumb Code     8  rt_cmsis.o(i.rt_id2obj)
    i.rt_init_context                        0x00000e64   Section        0  rt_task.o(i.rt_init_context)
    rt_init_context                          0x00000e65   Thumb Code    66  rt_task.o(i.rt_init_context)
    i.rt_init_mem                            0x00000eac   Section        0  rt_memory.o(i.rt_init_mem)
    i.rt_init_robin                          0x00000ec8   Section        0  rt_robin.o(i.rt_init_robin)
    i.rt_init_stack                          0x00000ee0   Section        0  hal_cm.o(i.rt_init_stack)
    i.rt_mbx_check                           0x00000f60   Section        0  rt_mailbox.o(i.rt_mbx_check)
    i.rt_mbx_init                            0x00000f68   Section        0  rt_mailbox.o(i.rt_mbx_init)
    i.rt_mbx_psh                             0x00000f84   Section        0  rt_mailbox.o(i.rt_mbx_psh)
    i.rt_mbx_wait                            0x00001074   Section        0  rt_mailbox.o(i.rt_mbx_wait)
    i.rt_ms2tick                             0x00001128   Section        0  rt_cmsis.o(i.rt_ms2tick)
    rt_ms2tick                               0x00001129   Thumb Code    58  rt_cmsis.o(i.rt_ms2tick)
    i.rt_pop_req                             0x0000116c   Section        0  rt_system.o(i.rt_pop_req)
    i.rt_psh_req                             0x000011e8   Section        0  rt_system.o(i.rt_psh_req)
    i.rt_psq_enq                             0x00001208   Section        0  rt_list.o(i.rt_psq_enq)
    i.rt_put_dly                             0x00001264   Section        0  rt_list.o(i.rt_put_dly)
    i.rt_put_prio                            0x000012ac   Section        0  rt_list.o(i.rt_put_prio)
    i.rt_put_rdy_first                       0x000012e4   Section        0  rt_list.o(i.rt_put_rdy_first)
    i.rt_resort_prio                         0x000012f8   Section        0  rt_list.o(i.rt_resort_prio)
    i.rt_ret_val                             0x0000132c   Section        0  hal_cm.o(i.rt_ret_val)
    i.rt_ret_val2                            0x00001332   Section        0  hal_cm.o(i.rt_ret_val2)
    i.rt_rmv_dly                             0x0000133a   Section        0  rt_list.o(i.rt_rmv_dly)
    i.rt_rmv_list                            0x00001364   Section        0  rt_list.o(i.rt_rmv_list)
    i.rt_sem_psh                             0x00001394   Section        0  rt_semaphore.o(i.rt_sem_psh)
    i.rt_stk_check                           0x000013c8   Section        0  rt_system.o(i.rt_stk_check)
    i.rt_switch_req                          0x000013ec   Section        0  rt_task.o(i.rt_switch_req)
    i.rt_sys_init                            0x00001414   Section        0  rt_task.o(i.rt_sys_init)
    i.rt_sys_start                           0x000014e0   Section        0  rt_task.o(i.rt_sys_start)
    i.rt_systick                             0x00001558   Section        0  rt_system.o(i.rt_systick)
    i.rt_tid2ptcb                            0x00001598   Section        0  rt_cmsis.o(i.rt_tid2ptcb)
    rt_tid2ptcb                              0x00001599   Thumb Code    18  rt_cmsis.o(i.rt_tid2ptcb)
    i.rt_timer_insert                        0x000015ac   Section        0  rt_cmsis.o(i.rt_timer_insert)
    rt_timer_insert                          0x000015ad   Thumb Code    48  rt_cmsis.o(i.rt_timer_insert)
    i.rt_tsk_create                          0x000015e0   Section        0  rt_task.o(i.rt_tsk_create)
    i.rt_tsk_delete                          0x00001668   Section        0  rt_task.o(i.rt_tsk_delete)
    i.rt_tsk_prio                            0x000017e4   Section        0  rt_task.o(i.rt_tsk_prio)
    i.rt_tsk_self                            0x00001860   Section        0  rt_task.o(i.rt_tsk_self)
    i.svcDelay                               0x00001870   Section        0  rt_cmsis.o(i.svcDelay)
    i.svcKernelInitialize                    0x00001884   Section        0  rt_cmsis.o(i.svcKernelInitialize)
    i.svcKernelStart                         0x000018f4   Section        0  rt_cmsis.o(i.svcKernelStart)
    i.svcMessageCreate                       0x0000193c   Section        0  rt_cmsis.o(i.svcMessageCreate)
    i.svcMessageGet                          0x00001960   Section        0  rt_cmsis.o(i.svcMessageGet)
    i.svcThreadCreate                        0x0000199c   Section        0  rt_cmsis.o(i.svcThreadCreate)
    i.svcThreadGetId                         0x00001a08   Section        0  rt_cmsis.o(i.svcThreadGetId)
    i.svcThreadTerminate                     0x00001a24   Section        0  rt_cmsis.o(i.svcThreadTerminate)
    i.svcTimerCall                           0x00001a5c   Section        0  rt_cmsis.o(i.svcTimerCall)
    i.sysTimerTick                           0x00001a74   Section        0  rt_cmsis.o(i.sysTimerTick)
    i.threadA                                0x00001ad0   Section        0  thread.o(i.threadA)
    i.threadB                                0x00001b14   Section        0  thread.o(i.threadB)
    i.threadC                                0x00001b7c   Section        0  thread.o(i.threadC)
    i.threadD                                0x00001bbc   Section        0  thread.o(i.threadD)
    i.threadE                                0x00001c50   Section        0  thread.o(i.threadE)
    .constdata                               0x00001cb0   Section       80  thread.o(.constdata)
    .constdata                               0x00001d00   Section      104  rtx_conf_cm.o(.constdata)
    __tagsym$$used                           0x00001d1c   Number         0  rtx_conf_cm.o(.constdata)
    __tagsym$$used                           0x00001d20   Number         0  rtx_conf_cm.o(.constdata)
    __tagsym$$used                           0x00001d24   Number         0  rtx_conf_cm.o(.constdata)
    __tagsym$$used                           0x00001d28   Number         0  rtx_conf_cm.o(.constdata)
    .data                                    0x10000000   Section       72  thread.o(.data)
    .data                                    0x10000048   Section       20  rtx_conf_cm.o(.data)
    .data                                    0x1000005c   Section        8  rt_cmsis.o(.data)
    .data                                    0x10000064   Section        8  rt_task.o(.data)
    .data                                    0x1000006c   Section        8  rt_system.o(.data)
    os_lock                                  0x1000006c   Data           1  rt_system.o(.data)
    os_psh_flag                              0x1000006d   Data           1  rt_system.o(.data)
    pend_flags                               0x1000006e   Data           1  rt_system.o(.data)
    .data                                    0x10000074   Section        4  rt_time.o(.data)
    .data                                    0x10000078   Section        1  hal_cm.o(.data)
    .data                                    0x1000007c   Section        8  rt_robin.o(.data)
    .bss                                     0x10000088   Section     2216  rtx_conf_cm.o(.bss)
    .bss                                     0x10000930   Section       52  rt_task.o(.bss)
    .bss                                     0x10000964   Section       48  rt_list.o(.bss)
    STACK                                    0x10000998   Section      512  startup_lpc17xx.o(STACK)

    Global Symbols

    Symbol Name                              Value     Ov Type        Size  Object(Section)

    BuildAttributes$$THM_ISAv4$P$D$K$B$S$PE$A:L22UL41UL21$X:L11$S22US41US21$IEEE1$IW$USESV6$~STKCKD$USESV7$~SHL$OSPACE$ROPI$EBA8$MICROLIB$REQ8$PRES8$EABIv2 0x00000000   Number         0  anon$$obj.o ABSOLUTE
    __ARM_use_no_argv                        0x00000000   Number         0  main.o ABSOLUTE
    __Vectors                                0x00000000   Data           4  startup_lpc17xx.o(RESET)
    __cpp_initialize__aeabi_                  - Undefined Weak Reference
    __cxa_finalize                            - Undefined Weak Reference
    __decompress                              - Undefined Weak Reference
    _clock_init                               - Undefined Weak Reference
    _microlib_exit                            - Undefined Weak Reference
    __main                                   0x000000cd   Thumb Code     0  entry.o(.ARM.Collect$$$$00000000)
    _main_stk                                0x000000cd   Thumb Code     0  entry2.o(.ARM.Collect$$$$00000001)
    _main_scatterload                        0x000000d1   Thumb Code     0  entry5.o(.ARM.Collect$$$$00000004)
    __main_after_scatterload                 0x000000d5   Thumb Code     0  entry5.o(.ARM.Collect$$$$00000004)
    __rt_final_cpp                           0x000000d5   Thumb Code     0  entry10a.o(.ARM.Collect$$$$0000000D)
    __rt_final_exit                          0x000000d5   Thumb Code     0  entry11a.o(.ARM.Collect$$$$0000000F)
    _main_clock                              0x000000d5   Thumb Code     0  entry7b.o(.ARM.Collect$$$$00000008)
    _main_cpp_init                           0x000000d5   Thumb Code     0  entry8b.o(.ARM.Collect$$$$0000000A)
    _main_init                               0x000000d5   Thumb Code    18  rtx_conf_cm.o(.ARM.Collect$$$$000000FF)
    rt_set_PSP                               0x000000f1   Thumb Code     6  hal_cm3.o(.emb_text)
    rt_get_PSP                               0x000000f7   Thumb Code     6  hal_cm3.o(.emb_text)
    os_set_env                               0x000000fd   Thumb Code    24  hal_cm3.o(.emb_text)
    _alloc_box                               0x00000119   Thumb Code    28  hal_cm3.o(.emb_text)
    _free_box                                0x00000139   Thumb Code    28  hal_cm3.o(.emb_text)
    SVC_Handler                              0x00000159   Thumb Code   108  hal_cm3.o(.emb_text)
    PendSV_Handler                           0x000001d1   Thumb Code    56  hal_cm3.o(.emb_text)
    SysTick_Handler                          0x0000020d   Thumb Code     8  hal_cm3.o(.emb_text)
    OS_Tick_Handler                          0x00000215   Thumb Code    12  hal_cm3.o(.emb_text)
    Reset_Handler                            0x00000221   Thumb Code     8  startup_lpc17xx.o(.text)
    NMI_Handler                              0x00000229   Thumb Code     2  startup_lpc17xx.o(.text)
    HardFault_Handler                        0x0000022b   Thumb Code     2  startup_lpc17xx.o(.text)
    MemManage_Handler                        0x0000022d   Thumb Code     2  startup_lpc17xx.o(.text)
    BusFault_Handler                         0x0000022f   Thumb Code     2  startup_lpc17xx.o(.text)
    UsageFault_Handler                       0x00000231   Thumb Code     2  startup_lpc17xx.o(.text)
    DebugMon_Handler                         0x00000235   Thumb Code     2  startup_lpc17xx.o(.text)
    ADC_IRQHandler                           0x0000023b   Thumb Code     0  startup_lpc17xx.o(.text)
    BOD_IRQHandler                           0x0000023b   Thumb Code     0  startup_lpc17xx.o(.text)
    CANActivity_IRQHandler                   0x0000023b   Thumb Code     0  startup_lpc17xx.o(.text)
    CAN_IRQHandler                           0x0000023b   Thumb Code     0  startup_lpc17xx.o(.text)
    DMA_IRQHandler                           0x0000023b   Thumb Code     0  startup_lpc17xx.o(.text)
    EINT0_IRQHandler                         0x0000023b   Thumb Code     0  startup_lpc17xx.o(.text)
    EINT1_IRQHandler                         0x0000023b   Thumb Code     0  startup_lpc17xx.o(.text)
    EINT2_IRQHandler                         0x0000023b   Thumb Code     0  startup_lpc17xx.o(.text)
    EINT3_IRQHandler                         0x0000023b   Thumb Code     0  startup_lpc17xx.o(.text)
    ENET_IRQHandler                          0x0000023b   Thumb Code     0  startup_lpc17xx.o(.text)
    I2C0_IRQHandler                          0x0000023b   Thumb Code     0  startup_lpc17xx.o(.text)
    I2C1_IRQHandler                          0x0000023b   Thumb Code     0  startup_lpc17xx.o(.text)
    I2C2_IRQHandler                          0x0000023b   Thumb Code     0  startup_lpc17xx.o(.text)
    I2S_IRQHandler                           0x0000023b   Thumb Code     0  startup_lpc17xx.o(.text)
    MCPWM_IRQHandler                         0x0000023b   Thumb Code     0  startup_lpc17xx.o(.text)
    PLL0_IRQHandler                          0x0000023b   Thumb Code     0  startup_lpc17xx.o(.text)
    PLL1_IRQHandler                          0x0000023b   Thumb Code     0  startup_lpc17xx.o(.text)
    PWM1_IRQHandler                          0x0000023b   Thumb Code     0  startup_lpc17xx.o(.text)
    QEI_IRQHandler                           0x0000023b   Thumb Code     0  startup_lpc17xx.o(.text)
    RIT_IRQHandler                           0x0000023b   Thumb Code     0  startup_lpc17xx.o(.text)
    RTC_IRQHandler                           0x0000023b   Thumb Code     0  startup_lpc17xx.o(.text)
    SPI_IRQHandler                           0x0000023b   Thumb Code     0  startup_lpc17xx.o(.text)
    SSP0_IRQHandler                          0x0000023b   Thumb Code     0  startup_lpc17xx.o(.text)
    SSP1_IRQHandler                          0x0000023b   Thumb Code     0  startup_lpc17xx.o(.text)
    TIMER0_IRQHandler                        0x0000023b   Thumb Code     0  startup_lpc17xx.o(.text)
    TIMER1_IRQHandler                        0x0000023b   Thumb Code     0  startup_lpc17xx.o(.text)
    TIMER2_IRQHandler                        0x0000023b   Thumb Code     0  startup_lpc17xx.o(.text)
    TIMER3_IRQHandler                        0x0000023b   Thumb Code     0  startup_lpc17xx.o(.text)
    UART0_IRQHandler                         0x0000023b   Thumb Code     0  startup_lpc17xx.o(.text)
    UART1_IRQHandler                         0x0000023b   Thumb Code     0  startup_lpc17xx.o(.text)
    UART2_IRQHandler                         0x0000023b   Thumb Code     0  startup_lpc17xx.o(.text)
    UART3_IRQHandler                         0x0000023b   Thumb Code     0  startup_lpc17xx.o(.text)
    USBActivity_IRQHandler                   0x0000023b   Thumb Code     0  startup_lpc17xx.o(.text)
    USB_IRQHandler                           0x0000023b   Thumb Code     0  startup_lpc17xx.o(.text)
    WDT_IRQHandler                           0x0000023b   Thumb Code     0  startup_lpc17xx.o(.text)
    __aeabi_i2d                              0x00000245   Thumb Code    34  dflti.o(.text)
    __aeabi_cdcmpeq                          0x00000269   Thumb Code     0  cdcmple.o(.text)
    __aeabi_cdcmple                          0x00000269   Thumb Code    48  cdcmple.o(.text)
    __aeabi_llsl                             0x00000299   Thumb Code    30  llshl.o(.text)
    _ll_shift_l                              0x00000299   Thumb Code     0  llshl.o(.text)
    __aeabi_llsr                             0x000002b7   Thumb Code    32  llushr.o(.text)
    _ll_ushift_r                             0x000002b7   Thumb Code     0  llushr.o(.text)
    __aeabi_lasr                             0x000002d7   Thumb Code    36  llsshr.o(.text)
    _ll_sshift_r                             0x000002d7   Thumb Code     0  llsshr.o(.text)
    __I$use$fp                               0x000002fb   Thumb Code     0  iusefp.o(.text)
    __scatterload_null                       0x000002fb   Thumb Code     2  handlers.o(i.__scatterload_null)
    __aeabi_dadd                             0x00000301   Thumb Code   322  dadd.o(.text)
    __aeabi_dsub                             0x00000443   Thumb Code     6  dadd.o(.text)
    __aeabi_drsub                            0x00000449   Thumb Code     6  dadd.o(.text)
    __aeabi_dmul                             0x0000044f   Thumb Code   228  dmul.o(.text)
    __RL_RTX_VER                             0x00000482   Number         0  rt_system.o ABSOLUTE
    __aeabi_ddiv                             0x00000533   Thumb Code   222  ddiv.o(.text)
    _double_round                            0x00000611   Thumb Code    30  depilogue.o(.text)
    _double_epilogue                         0x0000062f   Thumb Code   156  depilogue.o(.text)
    __scatterload                            0x000006cd   Thumb Code    28  init.o(.text)
    __scatterload_rt2                        0x000006cd   Thumb Code     0  init.o(.text)
    SVC_Count                                0x000006f0   Data           4  svc_table.o(SVC_TABLE)
    Init_Thread                              0x000006f5   Thumb Code    78  thread.o(i.Init_Thread)
    SVC_Table                                0x000006f4   Data           0  svc_table.o(SVC_TABLE)
    SystemInit                               0x0000076d   Thumb Code   302  system_lpc17xx.o(i.SystemInit)
    __scatterload_copy                       0x000008ad   Thumb Code    14  handlers.o(i.__scatterload_copy)
    __scatterload_zeroinit                   0x000008bb   Thumb Code    14  handlers.o(i.__scatterload_zeroinit)
    _init_box                                0x000008c9   Thumb Code    70  rt_membox.o(i._init_box)
    dbg_init                                 0x00000911   Thumb Code    34  hal_cm.o(i.dbg_init)
    dbg_task_notify                          0x00000941   Thumb Code    32  hal_cm.o(i.dbg_task_notify)
    dbg_task_switch                          0x00000961   Thumb Code    16  hal_cm.o(i.dbg_task_switch)
    isrMessageGet                            0x00000971   Thumb Code    42  rt_cmsis.o(i.isrMessageGet)
    isrMessagePut                            0x0000099b   Thumb Code    44  rt_cmsis.o(i.isrMessagePut)
    isr_mbx_receive                          0x000009c9   Thumb Code    86  rt_mailbox.o(i.isr_mbx_receive)
    isr_mbx_send                             0x00000a1f   Thumb Code    14  rt_mailbox.o(i.isr_mbx_send)
    main                                     0x00000a2d   Thumb Code    26  main.o(i.main)
    myExponentialCalc                        0x00000a47   Thumb Code    20  thread.o(i.myExponentialCalc)
    osDelay                                  0x00000a5d   Thumb Code    18  rt_cmsis.o(i.osDelay)
    osKernelInitialize                       0x00000a75   Thumb Code    30  rt_cmsis.o(i.osKernelInitialize)
    osKernelStart                            0x00000a99   Thumb Code    98  rt_cmsis.o(i.osKernelStart)
    osMessageGet                             0x00000b05   Thumb Code    18  rt_cmsis.o(i.osMessageGet)
    osThreadCreate                           0x00000b1d   Thumb Code    36  rt_cmsis.o(i.osThreadCreate)
    osThreadExit                             0x00000b49   Thumb Code    14  rt_cmsis.o(i.osThreadExit)
    osTimerCall                              0x00000b61   Thumb Code     8  rt_cmsis.o(i.osTimerCall)
    osTimerThread                            0x00000b6d   Thumb Code    38  rt_cmsis.o(i.osTimerThread)
    os_error                                 0x00000b99   Thumb Code    34  rtx_conf_cm.o(i.os_error)
    os_idle_demon                            0x00000bbd   Thumb Code    14  rtx_conf_cm.o(i.os_idle_demon)
    os_tick_init                             0x00000bd1   Thumb Code    32  rt_system.o(i.os_tick_init)
    os_tick_irqack                           0x00000bf9   Thumb Code     2  rt_system.o(i.os_tick_irqack)
    rt_alloc_box                             0x00000bfb   Thumb Code    26  rt_membox.o(i.rt_alloc_box)
    rt_alloc_mem                             0x00000c15   Thumb Code    62  rt_memory.o(i.rt_alloc_mem)
    rt_block                                 0x00000c55   Thumb Code    48  rt_task.o(i.rt_block)
    rt_chk_robin                             0x00000c8d   Thumb Code    60  rt_robin.o(i.rt_chk_robin)
    rt_dec_dly                               0x00000cd5   Thumb Code   102  rt_list.o(i.rt_dec_dly)
    rt_dispatch                              0x00000d45   Thumb Code    60  rt_task.o(i.rt_dispatch)
    rt_dly_wait                              0x00000d89   Thumb Code     6  rt_time.o(i.rt_dly_wait)
    rt_evt_psh                               0x00000d91   Thumb Code    76  rt_event.o(i.rt_evt_psh)
    rt_free_box                              0x00000de1   Thumb Code    44  rt_membox.o(i.rt_free_box)
    rt_free_mem                              0x00000e0d   Thumb Code    40  rt_memory.o(i.rt_free_mem)
    rt_get_first                             0x00000e35   Thumb Code    40  rt_list.o(i.rt_get_first)
    rt_init_mem                              0x00000ead   Thumb Code    26  rt_memory.o(i.rt_init_mem)
    rt_init_robin                            0x00000ec9   Thumb Code    14  rt_robin.o(i.rt_init_robin)
    rt_init_stack                            0x00000ee1   Thumb Code   118  hal_cm.o(i.rt_init_stack)
    rt_mbx_check                             0x00000f61   Thumb Code     8  rt_mailbox.o(i.rt_mbx_check)
    rt_mbx_init                              0x00000f69   Thumb Code    26  rt_mailbox.o(i.rt_mbx_init)
    rt_mbx_psh                               0x00000f85   Thumb Code   236  rt_mailbox.o(i.rt_mbx_psh)
    rt_mbx_wait                              0x00001075   Thumb Code   174  rt_mailbox.o(i.rt_mbx_wait)
    rt_pop_req                               0x0000116d   Thumb Code   112  rt_system.o(i.rt_pop_req)
    rt_psh_req                               0x000011e9   Thumb Code    22  rt_system.o(i.rt_psh_req)
    rt_psq_enq                               0x00001209   Thumb Code    88  rt_list.o(i.rt_psq_enq)
    rt_put_dly                               0x00001265   Thumb Code    68  rt_list.o(i.rt_put_dly)
    rt_put_prio                              0x000012ad   Thumb Code    54  rt_list.o(i.rt_put_prio)
    rt_put_rdy_first                         0x000012e5   Thumb Code    14  rt_list.o(i.rt_put_rdy_first)
    rt_resort_prio                           0x000012f9   Thumb Code    46  rt_list.o(i.rt_resort_prio)
    rt_ret_val                               0x0000132d   Thumb Code     6  hal_cm.o(i.rt_ret_val)
    rt_ret_val2                              0x00001333   Thumb Code     8  hal_cm.o(i.rt_ret_val2)
    rt_rmv_dly                               0x0000133b   Thumb Code    40  rt_list.o(i.rt_rmv_dly)
    rt_rmv_list                              0x00001365   Thumb Code    44  rt_list.o(i.rt_rmv_list)
    rt_sem_psh                               0x00001395   Thumb Code    48  rt_semaphore.o(i.rt_sem_psh)
    rt_stk_check                             0x000013c9   Thumb Code    28  rt_system.o(i.rt_stk_check)
    rt_switch_req                            0x000013ed   Thumb Code    30  rt_task.o(i.rt_switch_req)
    rt_sys_init                              0x00001415   Thumb Code   138  rt_task.o(i.rt_sys_init)
    rt_sys_start                             0x000014e1   Thumb Code   110  rt_task.o(i.rt_sys_start)
    rt_systick                               0x00001559   Thumb Code    50  rt_system.o(i.rt_systick)
    rt_tsk_create                            0x000015e1   Thumb Code   118  rt_task.o(i.rt_tsk_create)
    rt_tsk_delete                            0x00001669   Thumb Code   352  rt_task.o(i.rt_tsk_delete)
    rt_tsk_prio                              0x000017e5   Thumb Code   108  rt_task.o(i.rt_tsk_prio)
    rt_tsk_self                              0x00001861   Thumb Code    12  rt_task.o(i.rt_tsk_self)
    svcDelay                                 0x00001871   Thumb Code    18  rt_cmsis.o(i.svcDelay)
    svcKernelInitialize                      0x00001885   Thumb Code    80  rt_cmsis.o(i.svcKernelInitialize)
    svcKernelStart                           0x000018f5   Thumb Code    62  rt_cmsis.o(i.svcKernelStart)
    svcMessageCreate                         0x0000193d   Thumb Code    36  rt_cmsis.o(i.svcMessageCreate)
    svcMessageGet                            0x00001961   Thumb Code    58  rt_cmsis.o(i.svcMessageGet)
    svcThreadCreate                          0x0000199d   Thumb Code    96  rt_cmsis.o(i.svcThreadCreate)
    svcThreadGetId                           0x00001a09   Thumb Code    22  rt_cmsis.o(i.svcThreadGetId)
    svcThreadTerminate                       0x00001a25   Thumb Code    50  rt_cmsis.o(i.svcThreadTerminate)
    svcTimerCall                             0x00001a5d   Thumb Code    24  rt_cmsis.o(i.svcTimerCall)
    sysTimerTick                             0x00001a75   Thumb Code    84  rt_cmsis.o(i.sysTimerTick)
    threadA                                  0x00001ad1   Thumb Code    62  thread.o(i.threadA)
    threadB                                  0x00001b15   Thumb Code    98  thread.o(i.threadB)
    threadC                                  0x00001b7d   Thumb Code    58  thread.o(i.threadC)
    threadD                                  0x00001bbd   Thumb Code   134  thread.o(i.threadD)
    threadE                                  0x00001c51   Thumb Code    84  thread.o(i.threadE)
    os_thread_def_threadA                    0x00001cb0   Data          16  thread.o(.constdata)
    os_thread_def_threadB                    0x00001cc0   Data          16  thread.o(.constdata)
    os_thread_def_threadC                    0x00001cd0   Data          16  thread.o(.constdata)
    os_thread_def_threadD                    0x00001ce0   Data          16  thread.o(.constdata)
    os_thread_def_threadE                    0x00001cf0   Data          16  thread.o(.constdata)
    os_maxtaskrun                            0x00001d00   Data           2  rtx_conf_cm.o(.constdata)
    os_stackinfo                             0x00001d04   Data           4  rtx_conf_cm.o(.constdata)
    os_rrobin                                0x00001d08   Data           4  rtx_conf_cm.o(.constdata)
    os_tickfreq                              0x00001d0c   Data           4  rtx_conf_cm.o(.constdata)
    os_tickus_i                              0x00001d10   Data           2  rtx_conf_cm.o(.constdata)
    os_tickus_f                              0x00001d12   Data           2  rtx_conf_cm.o(.constdata)
    os_trv                                   0x00001d14   Data           4  rtx_conf_cm.o(.constdata)
    os_flags                                 0x00001d18   Data           1  rtx_conf_cm.o(.constdata)
    CMSIS_RTOS_API_Version                   0x00001d1c   Data           4  rtx_conf_cm.o(.constdata)
    CMSIS_RTOS_RTX_Version                   0x00001d20   Data           4  rtx_conf_cm.o(.constdata)
    os_clockrate                             0x00001d24   Data           4  rtx_conf_cm.o(.constdata)
    os_timernum                              0x00001d28   Data           4  rtx_conf_cm.o(.constdata)
    mp_tcb_size                              0x00001d2c   Data           2  rtx_conf_cm.o(.constdata)
    mp_stk_size                              0x00001d30   Data           4  rtx_conf_cm.o(.constdata)
    os_stack_sz                              0x00001d34   Data           4  rtx_conf_cm.o(.constdata)
    os_fifo_size                             0x00001d38   Data           1  rtx_conf_cm.o(.constdata)
    os_thread_def_osTimerThread              0x00001d3c   Data          16  rtx_conf_cm.o(.constdata)
    os_messageQ_def_osTimerMessageQ          0x00001d4c   Data           8  rtx_conf_cm.o(.constdata)
    mp_tmr_size                              0x00001d54   Data           2  rtx_conf_cm.o(.constdata)
    os_thread_def_main                       0x00001d58   Data          16  rtx_conf_cm.o(.constdata)
    Region$$Table$$Base                      0x00001d68   Number         0  anon$$obj.o(Region$$Table)
    Region$$Table$$Limit                     0x00001d88   Number         0  anon$$obj.o(Region$$Table)
    factor                                   0x10000000   Data           8  thread.o(.data)
    var_A                                    0x10000008   Data           8  thread.o(.data)
    var_B                                    0x10000010   Data           8  thread.o(.data)
    var_C                                    0x10000018   Data           8  thread.o(.data)
    var_D                                    0x10000020   Data           8  thread.o(.data)
    var_E                                    0x10000028   Data           8  thread.o(.data)
    GPIO2_LED4                               0x10000030   Data           4  thread.o(.data)
    id_Thread_A                              0x10000034   Data           4  thread.o(.data)
    id_Thread_B                              0x10000038   Data           4  thread.o(.data)
    id_Thread_C                              0x1000003c   Data           4  thread.o(.data)
    id_Thread_D                              0x10000040   Data           4  thread.o(.data)
    id_Thread_E                              0x10000044   Data           4  thread.o(.data)
    countIDLE                                0x10000048   Data           4  rtx_conf_cm.o(.data)
    osThreadId_osTimerThread                 0x1000004c   Data           4  rtx_conf_cm.o(.data)
    osMessageQId_osTimerMessageQ             0x10000050   Data           4  rtx_conf_cm.o(.data)
    os_tmr                                   0x10000054   Data           4  rtx_conf_cm.o(.data)
    m_tmr                                    0x10000058   Data           4  rtx_conf_cm.o(.data)
    os_initialized                           0x1000005c   Data           1  rt_cmsis.o(.data)
    os_running                               0x1000005d   Data           1  rt_cmsis.o(.data)
    os_timer_head                            0x10000060   Data           4  rt_cmsis.o(.data)
    os_tsk                                   0x10000064   Data           8  rt_task.o(.data)
    os_tick_irqn                             0x10000070   Data           4  rt_system.o(.data)
    os_time                                  0x10000074   Data           4  rt_time.o(.data)
    dbg_msg                                  0x10000078   Data           1  hal_cm.o(.data)
    os_robin                                 0x1000007c   Data           8  rt_robin.o(.data)
    mp_tcb                                   0x10000088   Data         376  rtx_conf_cm.o(.bss)
    mp_stk                                   0x10000200   Data        1216  rtx_conf_cm.o(.bss)
    os_stack_mem                             0x100006c0   Data         432  rtx_conf_cm.o(.bss)
    os_fifo                                  0x10000870   Data         132  rtx_conf_cm.o(.bss)
    os_active_TCB                            0x100008f4   Data          28  rtx_conf_cm.o(.bss)
    os_messageQ_q_osTimerMessageQ            0x10000910   Data          32  rtx_conf_cm.o(.bss)
    os_idle_TCB                              0x10000930   Data          52  rt_task.o(.bss)
    os_rdy                                   0x10000964   Data          24  rt_list.o(.bss)
    os_dly                                   0x1000097c   Data          24  rt_list.o(.bss)
    __initial_sp                             0x10000b98   Data           0  startup_lpc17xx.o(STACK)



==============================================================================

Memory Map of the image

  Image Entry point : 0x00000221

  Load Region LR_1 (Base: 0x00000000, Size: 0x00001e0c, Max: 0xffffffff, ABSOLUTE)

    Execution Region ER_RO (Exec base: 0x00000000, Load base: 0x00000000, Size: 0x00001d88, Max: 0xffffffff, ABSOLUTE)

    Exec Addr    Load Addr    Size         Type   Attr      Idx    E Section Name        Object

    0x00000000   0x00000000   0x000000cc   Data   RO          262    RESET               startup_lpc17xx.o
    0x000000cc   0x000000cc   0x00000000   Code   RO         1527  * .ARM.Collect$$$$00000000  mc_w.l(entry.o)
    0x000000cc   0x000000cc   0x00000004   Code   RO         1549    .ARM.Collect$$$$00000001  mc_w.l(entry2.o)
    0x000000d0   0x000000d0   0x00000004   Code   RO         1552    .ARM.Collect$$$$00000004  mc_w.l(entry5.o)
    0x000000d4   0x000000d4   0x00000000   Code   RO         1554    .ARM.Collect$$$$00000008  mc_w.l(entry7b.o)
    0x000000d4   0x000000d4   0x00000000   Code   RO         1556    .ARM.Collect$$$$0000000A  mc_w.l(entry8b.o)
    0x000000d4   0x000000d4   0x00000000   Code   RO         1557    .ARM.Collect$$$$0000000D  mc_w.l(entry10a.o)
    0x000000d4   0x000000d4   0x00000000   Code   RO         1559    .ARM.Collect$$$$0000000F  mc_w.l(entry11a.o)
    0x000000d4   0x000000d4   0x00000018   Code   RO          139    .ARM.Collect$$$$000000FF  rtx_conf_cm.o
    0x000000ec   0x000000ec   0x00000004   Code   RO         1550    .ARM.Collect$$$$00002712  mc_w.l(entry2.o)
    0x000000f0   0x000000f0   0x00000130   Code   RO         1514    .emb_text           RTX_CM3.lib(hal_cm3.o)
    0x00000220   0x00000220   0x00000024   Code   RO          264  * .text               startup_lpc17xx.o
    0x00000244   0x00000244   0x00000022   Code   RO         1545    .text               mf_w.l(dflti.o)
    0x00000266   0x00000266   0x00000002   PAD
    0x00000268   0x00000268   0x00000030   Code   RO         1547    .text               mf_w.l(cdcmple.o)
    0x00000298   0x00000298   0x0000001e   Code   RO         1561    .text               mc_w.l(llshl.o)
    0x000002b6   0x000002b6   0x00000020   Code   RO         1563    .text               mc_w.l(llushr.o)
    0x000002d6   0x000002d6   0x00000024   Code   RO         1565    .text               mc_w.l(llsshr.o)
    0x000002fa   0x000002fa   0x00000000   Code   RO         1567    .text               mc_w.l(iusefp.o)
    0x000002fa   0x000002fa   0x00000002   Code   RO         1575    i.__scatterload_null  mc_w.l(handlers.o)
    0x000002fc   0x000002fc   0x00000004   Code   RO          263    .ARM.__at_0x02FC    startup_lpc17xx.o
    0x00000300   0x00000300   0x0000014e   Code   RO         1539    .text               mf_w.l(dadd.o)
    0x0000044e   0x0000044e   0x000000e4   Code   RO         1541    .text               mf_w.l(dmul.o)
    0x00000532   0x00000532   0x000000de   Code   RO         1543    .text               mf_w.l(ddiv.o)
    0x00000610   0x00000610   0x000000ba   Code   RO         1568    .text               mf_w.l(depilogue.o)
    0x000006ca   0x000006ca   0x00000002   PAD
    0x000006cc   0x000006cc   0x00000024   Code   RO         1570    .text               mc_w.l(init.o)
    0x000006f0   0x000006f0   0x00000004   Code   RO         1524    SVC_TABLE           RTX_CM3.lib(svc_table.o)
    0x000006f4   0x000006f4   0x00000078   Code   RO           31    i.Init_Thread       thread.o
    0x0000076c   0x0000076c   0x00000140   Code   RO          274    i.SystemInit        system_lpc17xx.o
    0x000008ac   0x000008ac   0x0000000e   Code   RO         1574    i.__scatterload_copy  mc_w.l(handlers.o)
    0x000008ba   0x000008ba   0x0000000e   Code   RO         1576    i.__scatterload_zeroinit  mc_w.l(handlers.o)
    0x000008c8   0x000008c8   0x00000046   Code   RO         1392    i._init_box         RTX_CM3.lib(rt_membox.o)
    0x0000090e   0x0000090e   0x00000002   PAD
    0x00000910   0x00000910   0x00000030   Code   RO         1445    i.dbg_init          RTX_CM3.lib(hal_cm.o)
    0x00000940   0x00000940   0x00000020   Code   RO         1446    i.dbg_task_notify   RTX_CM3.lib(hal_cm.o)
    0x00000960   0x00000960   0x00000010   Code   RO         1447    i.dbg_task_switch   RTX_CM3.lib(hal_cm.o)
    0x00000970   0x00000970   0x0000002a   Code   RO          319    i.isrMessageGet     RTX_CM3.lib(rt_cmsis.o)
    0x0000099a   0x0000099a   0x0000002c   Code   RO          320    i.isrMessagePut     RTX_CM3.lib(rt_cmsis.o)
    0x000009c6   0x000009c6   0x00000002   PAD
    0x000009c8   0x000009c8   0x00000056   Code   RO         1238    i.isr_mbx_receive   RTX_CM3.lib(rt_mailbox.o)
    0x00000a1e   0x00000a1e   0x0000000e   Code   RO         1239    i.isr_mbx_send      RTX_CM3.lib(rt_mailbox.o)
    0x00000a2c   0x00000a2c   0x0000001a   Code   RO            1    i.main              main.o
    0x00000a46   0x00000a46   0x00000014   Code   RO           33    i.myExponentialCalc  thread.o
    0x00000a5a   0x00000a5a   0x00000002   PAD
    0x00000a5c   0x00000a5c   0x00000018   Code   RO          323    i.osDelay           RTX_CM3.lib(rt_cmsis.o)
    0x00000a74   0x00000a74   0x00000024   Code   RO          324    i.osKernelInitialize  RTX_CM3.lib(rt_cmsis.o)
    0x00000a98   0x00000a98   0x0000006c   Code   RO          326    i.osKernelStart     RTX_CM3.lib(rt_cmsis.o)
    0x00000b04   0x00000b04   0x00000018   Code   RO          335    i.osMessageGet      RTX_CM3.lib(rt_cmsis.o)
    0x00000b1c   0x00000b1c   0x0000002c   Code   RO          352    i.osThreadCreate    RTX_CM3.lib(rt_cmsis.o)
    0x00000b48   0x00000b48   0x00000018   Code   RO          353    i.osThreadExit      RTX_CM3.lib(rt_cmsis.o)
    0x00000b60   0x00000b60   0x0000000c   Code   RO          359    i.osTimerCall       RTX_CM3.lib(rt_cmsis.o)
    0x00000b6c   0x00000b6c   0x0000002c   Code   RO          364    i.osTimerThread     RTX_CM3.lib(rt_cmsis.o)
    0x00000b98   0x00000b98   0x00000022   Code   RO          140    i.os_error          rtx_conf_cm.o
    0x00000bba   0x00000bba   0x00000002   PAD
    0x00000bbc   0x00000bbc   0x00000014   Code   RO          141    i.os_idle_demon     rtx_conf_cm.o
    0x00000bd0   0x00000bd0   0x00000028   Code   RO         1026    i.os_tick_init      RTX_CM3.lib(rt_system.o)
    0x00000bf8   0x00000bf8   0x00000002   Code   RO         1027    i.os_tick_irqack    RTX_CM3.lib(rt_system.o)
    0x00000bfa   0x00000bfa   0x0000001a   Code   RO         1393    i.rt_alloc_box      RTX_CM3.lib(rt_membox.o)
    0x00000c14   0x00000c14   0x0000003e   Code   RO         1421    i.rt_alloc_mem      RTX_CM3.lib(rt_memory.o)
    0x00000c52   0x00000c52   0x00000002   PAD
    0x00000c54   0x00000c54   0x00000038   Code   RO          941    i.rt_block          RTX_CM3.lib(rt_task.o)
    0x00000c8c   0x00000c8c   0x00000048   Code   RO         1493    i.rt_chk_robin      RTX_CM3.lib(rt_robin.o)
    0x00000cd4   0x00000cd4   0x00000070   Code   RO         1162    i.rt_dec_dly        RTX_CM3.lib(rt_list.o)
    0x00000d44   0x00000d44   0x00000044   Code   RO          942    i.rt_dispatch       RTX_CM3.lib(rt_task.o)
    0x00000d88   0x00000d88   0x00000006   Code   RO         1328    i.rt_dly_wait       RTX_CM3.lib(rt_time.o)
    0x00000d8e   0x00000d8e   0x00000002   PAD
    0x00000d90   0x00000d90   0x00000050   Code   RO         1119    i.rt_evt_psh        RTX_CM3.lib(rt_event.o)
    0x00000de0   0x00000de0   0x0000002c   Code   RO         1394    i.rt_free_box       RTX_CM3.lib(rt_membox.o)
    0x00000e0c   0x00000e0c   0x00000028   Code   RO         1422    i.rt_free_mem       RTX_CM3.lib(rt_memory.o)
    0x00000e34   0x00000e34   0x00000028   Code   RO         1163    i.rt_get_first      RTX_CM3.lib(rt_list.o)
    0x00000e5c   0x00000e5c   0x00000008   Code   RO          369    i.rt_id2obj         RTX_CM3.lib(rt_cmsis.o)
    0x00000e64   0x00000e64   0x00000048   Code   RO          943    i.rt_init_context   RTX_CM3.lib(rt_task.o)
    0x00000eac   0x00000eac   0x0000001a   Code   RO         1423    i.rt_init_mem       RTX_CM3.lib(rt_memory.o)
    0x00000ec6   0x00000ec6   0x00000002   PAD
    0x00000ec8   0x00000ec8   0x00000018   Code   RO         1494    i.rt_init_robin     RTX_CM3.lib(rt_robin.o)
    0x00000ee0   0x00000ee0   0x00000080   Code   RO         1448    i.rt_init_stack     RTX_CM3.lib(hal_cm.o)
    0x00000f60   0x00000f60   0x00000008   Code   RO         1240    i.rt_mbx_check      RTX_CM3.lib(rt_mailbox.o)
    0x00000f68   0x00000f68   0x0000001a   Code   RO         1241    i.rt_mbx_init       RTX_CM3.lib(rt_mailbox.o)
    0x00000f82   0x00000f82   0x00000002   PAD
    0x00000f84   0x00000f84   0x000000f0   Code   RO         1242    i.rt_mbx_psh        RTX_CM3.lib(rt_mailbox.o)
    0x00001074   0x00001074   0x000000b4   Code   RO         1244    i.rt_mbx_wait       RTX_CM3.lib(rt_mailbox.o)
    0x00001128   0x00001128   0x00000044   Code   RO          370    i.rt_ms2tick        RTX_CM3.lib(rt_cmsis.o)
    0x0000116c   0x0000116c   0x0000007c   Code   RO         1030    i.rt_pop_req        RTX_CM3.lib(rt_system.o)
    0x000011e8   0x000011e8   0x00000020   Code   RO         1031    i.rt_psh_req        RTX_CM3.lib(rt_system.o)
    0x00001208   0x00001208   0x0000005c   Code   RO         1165    i.rt_psq_enq        RTX_CM3.lib(rt_list.o)
    0x00001264   0x00001264   0x00000048   Code   RO         1166    i.rt_put_dly        RTX_CM3.lib(rt_list.o)
    0x000012ac   0x000012ac   0x00000036   Code   RO         1167    i.rt_put_prio       RTX_CM3.lib(rt_list.o)
    0x000012e2   0x000012e2   0x00000002   PAD
    0x000012e4   0x000012e4   0x00000014   Code   RO         1168    i.rt_put_rdy_first  RTX_CM3.lib(rt_list.o)
    0x000012f8   0x000012f8   0x00000034   Code   RO         1169    i.rt_resort_prio    RTX_CM3.lib(rt_list.o)
    0x0000132c   0x0000132c   0x00000006   Code   RO         1449    i.rt_ret_val        RTX_CM3.lib(hal_cm.o)
    0x00001332   0x00001332   0x00000008   Code   RO         1450    i.rt_ret_val2       RTX_CM3.lib(hal_cm.o)
    0x0000133a   0x0000133a   0x00000028   Code   RO         1170    i.rt_rmv_dly        RTX_CM3.lib(rt_list.o)
    0x00001362   0x00001362   0x00000002   PAD
    0x00001364   0x00001364   0x00000030   Code   RO         1171    i.rt_rmv_list       RTX_CM3.lib(rt_list.o)
    0x00001394   0x00001394   0x00000034   Code   RO         1289    i.rt_sem_psh        RTX_CM3.lib(rt_semaphore.o)
    0x000013c8   0x000013c8   0x00000024   Code   RO         1033    i.rt_stk_check      RTX_CM3.lib(rt_system.o)
    0x000013ec   0x000013ec   0x00000028   Code   RO          944    i.rt_switch_req     RTX_CM3.lib(rt_task.o)
    0x00001414   0x00001414   0x000000cc   Code   RO          945    i.rt_sys_init       RTX_CM3.lib(rt_task.o)
    0x000014e0   0x000014e0   0x00000078   Code   RO          946    i.rt_sys_start      RTX_CM3.lib(rt_task.o)
    0x00001558   0x00001558   0x00000040   Code   RO         1035    i.rt_systick        RTX_CM3.lib(rt_system.o)
    0x00001598   0x00001598   0x00000012   Code   RO          371    i.rt_tid2ptcb       RTX_CM3.lib(rt_cmsis.o)
    0x000015aa   0x000015aa   0x00000002   PAD
    0x000015ac   0x000015ac   0x00000034   Code   RO          372    i.rt_timer_insert   RTX_CM3.lib(rt_cmsis.o)
    0x000015e0   0x000015e0   0x00000088   Code   RO          947    i.rt_tsk_create     RTX_CM3.lib(rt_task.o)
    0x00001668   0x00001668   0x0000017c   Code   RO          948    i.rt_tsk_delete     RTX_CM3.lib(rt_task.o)
    0x000017e4   0x000017e4   0x0000007c   Code   RO          950    i.rt_tsk_prio       RTX_CM3.lib(rt_task.o)
    0x00001860   0x00001860   0x00000010   Code   RO          951    i.rt_tsk_self       RTX_CM3.lib(rt_task.o)
    0x00001870   0x00001870   0x00000012   Code   RO          374    i.svcDelay          RTX_CM3.lib(rt_cmsis.o)
    0x00001882   0x00001882   0x00000002   PAD
    0x00001884   0x00001884   0x00000070   Code   RO          375    i.svcKernelInitialize  RTX_CM3.lib(rt_cmsis.o)
    0x000018f4   0x000018f4   0x00000048   Code   RO          377    i.svcKernelStart    RTX_CM3.lib(rt_cmsis.o)
    0x0000193c   0x0000193c   0x00000024   Code   RO          380    i.svcMessageCreate  RTX_CM3.lib(rt_cmsis.o)
    0x00001960   0x00001960   0x0000003a   Code   RO          381    i.svcMessageGet     RTX_CM3.lib(rt_cmsis.o)
    0x0000199a   0x0000199a   0x00000002   PAD
    0x0000199c   0x0000199c   0x0000006c   Code   RO          395    i.svcThreadCreate   RTX_CM3.lib(rt_cmsis.o)
    0x00001a08   0x00001a08   0x0000001c   Code   RO          396    i.svcThreadGetId    RTX_CM3.lib(rt_cmsis.o)
    0x00001a24   0x00001a24   0x00000038   Code   RO          399    i.svcThreadTerminate  RTX_CM3.lib(rt_cmsis.o)
    0x00001a5c   0x00001a5c   0x00000018   Code   RO          401    i.svcTimerCall      RTX_CM3.lib(rt_cmsis.o)
    0x00001a74   0x00001a74   0x0000005c   Code   RO          410    i.sysTimerTick      RTX_CM3.lib(rt_cmsis.o)
    0x00001ad0   0x00001ad0   0x00000044   Code   RO           34    i.threadA           thread.o
    0x00001b14   0x00001b14   0x00000068   Code   RO           35    i.threadB           thread.o
    0x00001b7c   0x00001b7c   0x00000040   Code   RO           36    i.threadC           thread.o
    0x00001bbc   0x00001bbc   0x00000094   Code   RO           37    i.threadD           thread.o
    0x00001c50   0x00001c50   0x00000060   Code   RO           38    i.threadE           thread.o
    0x00001cb0   0x00001cb0   0x00000050   Data   RO           39    .constdata          thread.o
    0x00001d00   0x00001d00   0x00000068   Data   RO          143    .constdata          rtx_conf_cm.o
    0x00001d68   0x00001d68   0x00000020   Data   RO         1572    Region$$Table       anon$$obj.o


    Execution Region ER_RW (Exec base: 0x10000000, Load base: 0x00001d88, Size: 0x00000084, Max: 0xffffffff, ABSOLUTE)

    Exec Addr    Load Addr    Size         Type   Attr      Idx    E Section Name        Object

    0x10000000   0x00001d88   0x00000048   Data   RW           40    .data               thread.o
    0x10000048   0x00001dd0   0x00000014   Data   RW          144    .data               rtx_conf_cm.o
    0x1000005c   0x00001de4   0x00000008   Data   RW          413    .data               RTX_CM3.lib(rt_cmsis.o)
    0x10000064   0x00001dec   0x00000008   Data   RW          953    .data               RTX_CM3.lib(rt_task.o)
    0x1000006c   0x00001df4   0x00000008   Data   RW         1038    .data               RTX_CM3.lib(rt_system.o)
    0x10000074   0x00001dfc   0x00000004   Data   RW         1332    .data               RTX_CM3.lib(rt_time.o)
    0x10000078   0x00001e00   0x00000001   Data   RW         1451    .data               RTX_CM3.lib(hal_cm.o)
    0x10000079   0x00001e01   0x00000003   PAD
    0x1000007c   0x00001e04   0x00000008   Data   RW         1495    .data               RTX_CM3.lib(rt_robin.o)


    Execution Region ER_ZI (Exec base: 0x10000084, Load base: 0x00001e0c, Size: 0x00000b14, Max: 0xffffffff, ABSOLUTE)

    Exec Addr    Load Addr    Size         Type   Attr      Idx    E Section Name        Object

    0x10000084   0x00001e0c   0x00000004   PAD
    0x10000088        -       0x000008a8   Zero   RW          142    .bss                rtx_conf_cm.o
    0x10000930        -       0x00000034   Zero   RW          952    .bss                RTX_CM3.lib(rt_task.o)
    0x10000964        -       0x00000030   Zero   RW         1172    .bss                RTX_CM3.lib(rt_list.o)
    0x10000994   0x00001e0c   0x00000004   PAD
    0x10000998        -       0x00000200   Zero   RW          260    STACK               startup_lpc17xx.o


==============================================================================

Image component sizes


      Code (inc. data)   RO Data    RW Data    ZI Data      Debug   Object Name

        26          0          0          0          0       9069   main.o
        78         12        104         20       2216       7826   rtx_conf_cm.o
        40         12        204          0        512       1060   startup_lpc17xx.o
       320         18          0          0          0        609   system_lpc17xx.o
       620         86         80         72          0       5876   thread.o

    ----------------------------------------------------------------------
      1088        128        420         92       2728      24440   Object Totals
         0          0         32          0          0          0   (incl. Generated)
         4          0          0          0          0          0   (incl. Padding)

    ----------------------------------------------------------------------

      Code (inc. data)   RO Data    RW Data    ZI Data      Debug   Library Member Name

       238         24          0          1          0       3244   hal_cm.o
       304         36          0          0          0        756   hal_cm3.o
      1152        144          0          8          0      33322   rt_cmsis.o
        80          4          0          0          0        649   rt_event.o
       530         34          0          0         48       8157   rt_list.o
       554         10          0          0          0       3889   rt_mailbox.o
       140          0          0          0          0       1889   rt_membox.o
       128          0          0          0          0       2267   rt_memory.o
        96         22          0          8          0       1134   rt_robin.o
        52          4          0          0          0        565   rt_semaphore.o
       298         52          0          8          0       6139   rt_system.o
      1216        174          0          8         52       9537   rt_task.o
         6          0          0          4          0        636   rt_time.o
         4          4          0          0          0        196   svc_table.o
         0          0          0          0          0          0   entry.o
         0          0          0          0          0          0   entry10a.o
         0          0          0          0          0          0   entry11a.o
         8          4          0          0          0          0   entry2.o
         4          0          0          0          0          0   entry5.o
         0          0          0          0          0          0   entry7b.o
         0          0          0          0          0          0   entry8b.o
        30          0          0          0          0          0   handlers.o
        36          8          0          0          0         68   init.o
         0          0          0          0          0          0   iusefp.o
        30          0          0          0          0         68   llshl.o
        36          0          0          0          0         68   llsshr.o
        32          0          0          0          0         68   llushr.o
        48          0          0          0          0         68   cdcmple.o
       334          0          0          0          0        148   dadd.o
       222          0          0          0          0        100   ddiv.o
       186          0          0          0          0        176   depilogue.o
        34          0          0          0          0         76   dflti.o
       228          0          0          0          0         96   dmul.o

    ----------------------------------------------------------------------
      6052        520          0         40        108      73316   Library Totals
        26          0          0          3          8          0   (incl. Padding)

    ----------------------------------------------------------------------

      Code (inc. data)   RO Data    RW Data    ZI Data      Debug   Library Name

      4798        508          0         37        100      72380   RTX_CM3.lib
       176         12          0          0          0        272   mc_w.l
      1052          0          0          0          0        664   mf_w.l

    ----------------------------------------------------------------------
      6052        520          0         40        108      73316   Library Totals

    ----------------------------------------------------------------------

==============================================================================


      Code (inc. data)   RO Data    RW Data    ZI Data      Debug   

      7140        648        420        132       2836      93332   Grand Totals
      7140        648        420        132       2836      93332   ELF Image Totals
      7140        648        420        132          0          0   ROM Totals

==============================================================================

    Total RO  Size (Code + RO Data)                 7560 (   7.38kB)
    Total RW  Size (RW Data + ZI Data)              2968 (   2.90kB)
    Total ROM Size (Code + RO Data + RW Data)       7692 (   7.51kB)

==============================================================================

